******************************************************************************
                  TI ARM Linker PC v15.12.1                    
******************************************************************************
>> Linked Mon Mar 28 15:29:52 2016

OUTPUT FILE NAME:   <httpserver.out>
ENTRY POINT SYMBOL: "_c_int00"  address: 2000d9c5


MEMORY CONFIGURATION

         name            origin    length      used     unused   attr    fill
----------------------  --------  ---------  --------  --------  ----  --------
  SRAM_CODE             20004000   00013000  0000aab4  0000854c  RW X
  SRAM_DATA             20017000   00019000  00008cbd  00010343  RW X


SEGMENT ALLOCATION MAP

run origin  load origin   length   init length attrs members
----------  ----------- ---------- ----------- ----- -------
20004000    20004000    0000aabc   0000aabc    r-x
  20004000    20004000    00000400   00000400    r-- .intvecs
  20004400    20004400    00009f64   00009f64    r-x .text
  2000e368    2000e368    0000068c   0000068c    r-- .const
  2000e9f8    2000e9f8    000000c4   000000c4    r-- .cinit
20017000    20017000    000084c0   00000000    rw-
  20017000    20017000    00008000   00000000    rw- .sysmem
  2001f000    2001f000    000003ad   00000000    rw- .bss
  2001f3b0    2001f3b0    00000110   00000000    rw- .data
2002f800    2002f800    00000800   00000000    rw-
  2002f800    2002f800    00000800   00000000    rw- .stack


SECTION ALLOCATION MAP

 output                                  attributes/
section   page    origin      length       input sections
--------  ----  ----------  ----------   ----------------
.intvecs   0    20004000    00000400     
                  20004000    00000400     startup_ccs.obj (.intvecs)

.init_array 
*          0    20004000    00000000     UNINITIALIZED

.text      0    20004400    00009f64     
                  20004400    0000125c     free_rtos.a : tasks.obj (.text)
                  2000565c    000010fc     rtsv7M4_T_le_eabi.lib : _printfi.obj (.text)
                  20006758    00000fa4     main.obj (.text)
                  200076fc    00000b24     free_rtos.a : queue.obj (.text)
                  20008220    00000590     simplelink.a : driver.obj (.text:_SlDrvMsgRead)
                  200087b0    0000045c     free_rtos.a : osi_freertos.obj (.text)
                  20008c0c    000003dc     rtsv7M4_T_le_eabi.lib : memory.obj (.text)
                  20008fe8    00000394     gpio_if.obj (.text)
                  2000937c    00000290     uart_if.obj (.text)
                  2000960c    00000238     rtsv7M4_T_le_eabi.lib : strtod.obj (.text)
                  20009844    000001fc     simplelink.a : driver.obj (.text:_SlDrvRxHdrRead)
                  20009a40    000001f4     rtsv7M4_T_le_eabi.lib : ull_div_t2.obj (.text)
                  20009c34    000001d0     simplelink.a : driver.obj (.text:_SlDrvReleasePoolObj)
                  20009e04    000001b6     rtsv7M4_T_le_eabi.lib : fd_add_t2.obj (.text)
                  20009fba    00000002     driverlib.a : interrupt.obj (.text:IntDefaultHandler)
                  20009fbc    0000019c     simplelink.a : driver.obj (.text:_SlDrvMsgWrite)
                  2000a158    00000190                  : driver.obj (.text:_SlDrvDriverCBInit)
                  2000a2e8    00000190                  : driver.obj (.text:_SlDrvWaitForPoolObj)
                  2000a478    00000178     driverlib.a : prcm.obj (.text:PRCMCC3200MCUInit)
                  2000a5f0    00000170     simplelink.a : driver.obj (.text:_SlFindAndSetActiveObj)
                  2000a760    00000150                  : cc_pal.obj (.text:spi_Open)
                  2000a8b0    00000136     rtsv7M4_T_le_eabi.lib : fd_div_t2.obj (.text)
                  2000a9e6    0000012a     free_rtos.a : list.obj (.text)
                  2000ab10    00000120     simplelink.a : driver.obj (.text:_SlDrvMsgReadCmdCtx)
                  2000ac30    00000118                  : driver.obj (.text:_SlDrvDriverCBDeinit)
                  2000ad48    00000110     free_rtos.a : port.obj (.text)
                  2000ae58    00000104     simplelink.a : netapp.obj (.text:_SlDrvNetAppEventHandler)
                  2000af5c    000000fc     rtsv7M4_T_le_eabi.lib : fd_mul_t2.obj (.text)
                  2000b058    000000f0     driverlib.a : udma.obj (.text:uDMAChannelTransferSet)
                  2000b148    000000e8     simplelink.a : driver.obj (.text:_SlAsyncEventGenericHandler)
                  2000b230    000000e8     smartconfig.obj (.text)
                  2000b318    000000e4     simplelink.a : device.obj (.text:sl_Stop)
                  2000b3fc    000000e0                  : device.obj (.text:sl_Start)
                  2000b4dc    000000dc                  : driver.obj (.text:_SlDrvClassifyRxMsg)
                  2000b5b8    000000dc                  : cc_pal.obj (.text:spi_Read)
                  2000b694    000000d4                  : driver.obj (.text:_SlDrvMsgReadSpawnCtx)
                  2000b768    000000d0     rtsv7M4_T_le_eabi.lib : s_scalbn.obj (.text)
                  2000b838    000000cc     simplelink.a : netapp.obj (.text:_sl_HandleAsync_DnsGetHostByService)
                  2000b904    000000c8                  : netapp.obj (.text:sl_NetAppMDNSRegisterUnregisterService)
                  2000b9cc    000000c4                  : driver.obj (.text:_SlRemoveFromList)
                  2000ba90    000000c0                  : driver.obj (.text:_SlDrvCmdOp)
                  2000bb50    000000ba     free_rtos.a : portasm.obj (.text)
                  2000bc0a    00000002     rtsv7M4_T_le_eabi.lib : mpu_init.obj (.text)
                  2000bc0c    000000b4     simplelink.a : device.obj (.text:sl_DevGet)
                  2000bcc0    000000b4                  : wlan.obj (.text:sl_WlanGet)
                  2000bd74    000000a8     driverlib.a : interrupt.obj (.text:IntDisable)
                  2000be1c    000000a8                 : interrupt.obj (.text:IntEnable)
                  2000bec4    000000a8     simplelink.a : wlan.obj (.text:sl_WlanSmartConfigStart)
                  2000bf6c    000000a0     driverlib.a : spi.obj (.text:SPIConfigSetExpClk)
                  2000c00c    000000a0     simplelink.a : driver.obj (.text:_SlDriverHandleError)
                  2000c0ac    0000009c     rtsv7M4_T_le_eabi.lib : memcpy_t2.obj (.text)
                  2000c148    0000009a     simplelink.a : device.obj (.text:_SlDrvDeviceEventHandler)
                  2000c1e2    00000002     rtsv7M4_T_le_eabi.lib : startup.obj (.text)
                  2000c1e4    00000094     driverlib.a : prcm.obj (.text:PRCMPeripheralClockGet)
                  2000c278    00000090     simplelink.a : netapp.obj (.text:_sl_HandleAsync_DnsGetHostByName)
                  2000c308    00000090                  : netapp.obj (.text:_sl_HandleAsync_PingResponse)
                  2000c398    0000008c                  : cc_pal.obj (.text:SetupDMAReceive)
                  2000c424    0000008c                  : cc_pal.obj (.text:SetupDMASend)
                  2000c4b0    0000008c                  : cc_pal.obj (.text:spi_Write)
                  2000c53c    00000088     driverlib.a : pin.obj (.text:PinConfigSet)
                  2000c5c4    00000088     rtsv7M4_T_le_eabi.lib : vsnprintf.obj (.text)
                  2000c64c    00000086                           : fd_cmp_t2.obj (.text:__aeabi_cdcmple)
                  2000c6d2    00000086                           : fd_cmp_t2.obj (.text:__aeabi_cdrcmple)
                  2000c758    00000084     pinmux.obj (.text)
                  2000c7dc    00000082     driverlib.a : gpio.obj (.text:GPIOIntTypeSet)
                  2000c85e    00000002     --HOLE-- [fill = 0]
                  2000c860    00000080     simplelink.a : socket.obj (.text:_sl_HandleAsync_Connect)
                  2000c8e0    00000080                  : device.obj (.text:_sl_HandleAsync_InitComplete)
                  2000c960    00000080                  : cc_pal.obj (.text:spi_Read_CPU)
                  2000c9e0    00000080                  : cc_pal.obj (.text:spi_Write_CPU)
                  2000ca60    0000007c                  : netapp.obj (.text:sl_NetAppSet)
                  2000cadc    0000007c                  : netcfg.obj (.text:sl_NetCfgSet)
                  2000cb58    0000007c                  : wlan.obj (.text:sl_WlanSet)
                  2000cbd4    0000007a     rtsv7M4_T_le_eabi.lib : memset_t2.obj (.text)
                  2000cc4e    00000002     --HOLE-- [fill = 0]
                  2000cc50    00000078     simplelink.a : wlan.obj (.text:sl_WlanPolicySet)
                  2000ccc8    00000078                  : cc_pal.obj (.text:spi_Close)
                  2000cd40    00000076     driverlib.a : uart.obj (.text:UARTConfigSetExpClk)
                  2000cdb6    00000002     --HOLE-- [fill = 0]
                  2000cdb8    00000070     rtsv7M4_T_le_eabi.lib : autoinit.obj (.text)
                  2000ce28    0000006e                           : fd_tos_t2.obj (.text)
                  2000ce96    00000002     --HOLE-- [fill = 0]
                  2000ce98    0000006c     simplelink.a : driver.obj (.text:_SlDrvCmdSend)
                  2000cf04    0000006c                  : netapp.obj (.text:_sl_NetAppSendTokenValue)
                  2000cf70    0000006c                  : wlan.obj (.text:sl_WlanRxFilterSet)
                  2000cfdc    0000006a     rtsv7M4_T_le_eabi.lib : copy_decompress_rle.obj (.text)
                  2000d046    00000002     --HOLE-- [fill = 0]
                  2000d048    00000064     simplelink.a : socket.obj (.text:_sl_HandleAsync_Accept)
                  2000d0ac    00000064     driverlib.a : udma.obj (.text:uDMAChannelAttributeDisable)
                  2000d110    00000064                 : udma.obj (.text:uDMAChannelAttributeEnable)
                  2000d174    00000060     rtsv7M4_T_le_eabi.lib : sprintf.obj (.text)
                  2000d1d4    0000005c                           : s_frexp.obj (.text)
                  2000d230    00000058     driverlib.a : interrupt.obj (.text:IntPendClear)
                  2000d288    00000058                 : prcm.obj (.text:PRCMPeripheralReset)
                  2000d2e0    00000056     rtsv7M4_T_le_eabi.lib : ltoa.obj (.text)
                  2000d336    00000002     --HOLE-- [fill = 0]
                  2000d338    00000054     driverlib.a : interrupt.obj (.text:IntPrioritySet)
                  2000d38c    00000054     simplelink.a : socket.obj (.text:_sl_HandleAsync_Select)
                  2000d3e0    00000054     rtsv7M4_T_le_eabi.lib : exit.obj (.text)
                  2000d434    00000050     simplelink.a : driver.obj (.text:_SlDrvRxIrqHandler)
                  2000d484    00000050                  : device.obj (.text:_sl_HandleAsync_Stop)
                  2000d4d4    0000004c     driverlib.a : spi.obj (.text:SPIIntEnable)
                  2000d520    0000004c     simplelink.a : driver.obj (.text:_SlDrvProtectAsyncRespSetting)
                  2000d56c    0000004c     rtsv7M4_T_le_eabi.lib : atoi.obj (.text)
                  2000d5b8    0000004c                           : cpy_tbl.obj (.text)
                  2000d604    0000004c     driverlib.a : udma.obj (.text:uDMAChannelAssign)
                  2000d650    00000048                 : spi.obj (.text:SPIIntClear)
                  2000d698    00000048     simplelink.a : driver.obj (.text:_SlDrvBasicCmd)
                  2000d6e0    00000048     rtsv7M4_T_le_eabi.lib : fd_toi_t2.obj (.text)
                  2000d728    00000048     simplelink.a : netapp.obj (.text:sl_NetAppMDNSUnRegisterService)
                  2000d770    00000044     driverlib.a : spi.obj (.text:SPIDmaMaskGet)
                  2000d7b4    00000044     simplelink.a : driver.obj (.text:_SlDrvHandleHttpServerEvents)
                  2000d7f8    00000044                  : cc_pal.obj (.text:cc_SetupTransfer)
                  2000d83c    00000044                  : wlan.obj (.text:sl_WlanProfileDel)
                  2000d880    00000044                  : wlan.obj (.text:sl_WlanSetMode)
                  2000d8c4    00000040     driverlib.a : pin.obj (.text:PinModeSet)
                  2000d904    00000040     simplelink.a : driver.obj (.text:_SlDrvHandleNetAppEvents)
                  2000d944    00000040                  : driver.obj (.text:_SlDrvHandleWlanEvents)
                  2000d984    00000040                  : driver.obj (.text:_SlDrvSyncObjWaitTimeout)
                  2000d9c4    00000040     rtsv7M4_T_le_eabi.lib : boot.obj (.text)
                  2000da04    00000040     simplelink.a : netapp.obj (.text:sl_NetAppStart)
                  2000da44    00000040                  : netapp.obj (.text:sl_NetAppStop)
                  2000da84    0000003c                  : netapp.obj (.text:CopyPingResultsToReport)
                  2000dac0    0000003c     driverlib.a : prcm.obj (.text:PRCMPeripheralClkEnable)
                  2000dafc    0000003c                 : udma.obj (.text:uDMAChannelControlSet)
                  2000db38    00000038     simplelink.a : cc_pal.obj (.text:NwpPowerOff)
                  2000db70    00000038     free_rtos.a : heap_3.obj (.text)
                  2000dba8    00000038     rtsv7M4_T_le_eabi.lib : fs_tod_t2.obj (.text)
                  2000dbe0    00000036     driverlib.a : gpio.obj (.text:GPIODirModeSet)
                  2000dc16    00000002     --HOLE-- [fill = 0]
                  2000dc18    00000034                 : prcm.obj (.text:PRCMPeripheralStatusGet)
                  2000dc4c    00000034                 : spi.obj (.text:SPIFIFOLevelSet)
                  2000dc80    00000030                 : pin.obj (.text:PinTypeGPIO)
                  2000dcb0    00000030                 : uart.obj (.text:UARTDisable)
                  2000dce0    0000002e     rtsv7M4_T_le_eabi.lib : i_tofd_t2.obj (.text)
                  2000dd0e    00000002     --HOLE-- [fill = 0]
                  2000dd10    0000002c     simplelink.a : cc_pal.obj (.text:DmaSpiSwIntHandler)
                  2000dd3c    0000002c     driverlib.a : prcm.obj (.text:PRCMSysResetCauseGet)
                  2000dd68    00000028                 : prcm.obj (.text:PRCMPeripheralClkDisable)
                  2000dd90    00000028     simplelink.a : driver.obj (.text:_SlDrvObjGlobalLockWaitForever)
                  2000ddb8    00000028                  : driver.obj (.text:_SlDrvProtectionObjLockWaitForever)
                  2000dde0    00000026                  : cc_pal.obj (.text:NwpRegisterInterruptHandler)
                  2000de06    00000026     network_common.obj (.text)
                  2000de2c    00000024     driverlib.a : interrupt.obj (.text:IntUnregister)
                  2000de50    00000024                 : uart.obj (.text:UARTEnable)
                  2000de74    00000024     simplelink.a : driver.obj (.text:_SlDrvGlobalObjUnLock)
                  2000de98    00000024                  : driver.obj (.text:_SlDrvProtectionObjUnLock)
                  2000debc    00000024                  : driver.obj (.text:_SlDrvSyncObjWaitForever)
                  2000dee0    00000024     rtsv7M4_T_le_eabi.lib : memmov.obj (.text)
                  2000df04    00000022     driverlib.a : spi.obj (.text:SPIReset)
                  2000df26    00000022                 : spi.obj (.text:SPIWordCountSet)
                  2000df48    00000022     rtsv7M4_T_le_eabi.lib : memcmp.obj (.text)
                  2000df6a    00000020     driverlib.a : gpio.obj (.text:GPIOPinWrite)
                  2000df8a    00000002     --HOLE-- [fill = 0]
                  2000df8c    00000020                 : interrupt.obj (.text:IntRegister)
                  2000dfac    00000020     simplelink.a : cc_pal.obj (.text:NwpPowerOn)
                  2000dfcc    00000020                  : wlan.obj (.text:sl_WlanDisconnect)
                  2000dfec    00000020                  : wlan.obj (.text:sl_WlanSmartConfigStop)
                  2000e00c    0000001e     driverlib.a : uart.obj (.text:UARTCharPut)
                  2000e02a    0000001e     simplelink.a : driver.obj (.text:_SlDrvSyncObjSignal)
                  2000e048    0000001e                  : cc_pal.obj (.text:cc_UDMAChannelSelect)
                  2000e066    0000001c     driverlib.a : uart.obj (.text:UARTCharGetNonBlocking)
                  2000e082    0000001c     rtsv7M4_T_le_eabi.lib : memccpy.obj (.text)
                  2000e09e    00000002     --HOLE-- [fill = 0]
                  2000e0a0    0000001c     driverlib.a : udma.obj (.text:uDMAChannelEnable)
                  2000e0bc    0000001a                 : gpio.obj (.text:GPIOIntEnable)
                  2000e0d6    0000001a                 : pin.obj (.text:PinTypeUART)
                  2000e0f0    0000001a                 : spi.obj (.text:SPIDmaDisable)
                  2000e10a    0000001a                 : spi.obj (.text:SPIDmaEnable)
                  2000e124    0000001a                 : spi.obj (.text:SPIFIFODisable)
                  2000e13e    0000001a                 : spi.obj (.text:SPIFIFOEnable)
                  2000e158    00000018                 : gpio.obj (.text:GPIOPinRead)
                  2000e170    00000018                 : spi.obj (.text:SPICSDisable)
                  2000e188    00000018                 : spi.obj (.text:SPICSEnable)
                  2000e1a0    00000018                 : spi.obj (.text:SPIDisable)
                  2000e1b8    00000018                 : spi.obj (.text:SPIEnable)
                  2000e1d0    00000018                 : uart.obj (.text:UARTCharsAvail)
                  2000e1e8    00000018     simplelink.a : device.obj (.text:_sl_GetStartResponseConvert)
                  2000e200    00000018     rtsv7M4_T_le_eabi.lib : args_main.obj (.text)
                  2000e218    00000016     driverlib.a : prcm.obj (.text:PRCMHIBRegRead)
                  2000e22e    00000016                 : prcm.obj (.text:PRCMHIBRegWrite)
                  2000e244    00000016     simplelink.a : driver.obj (.text:_SlDrvMemZero)
                  2000e25a    00000016     rtsv7M4_T_le_eabi.lib : strchr.obj (.text)
                  2000e270    00000014     driverlib.a : cpu.obj (.text:CPUcpsie)
                  2000e284    00000014                 : gpio.obj (.text:GPIOIntClear)
                  2000e298    00000014                 : interrupt.obj (.text:IntVTableBaseSet)
                  2000e2ac    00000014     rtsv7M4_T_le_eabi.lib : _lock.obj (.text)
                  2000e2c0    00000014                           : strcpy.obj (.text)
                  2000e2d4    00000014                           : strlen.obj (.text)
                  2000e2e8    00000010     simplelink.a : driver.obj (.text:_SlDrvDispatchHttpServerEvents)
                  2000e2f8    0000000e                  : driver.obj (.text:_SlDrvResetCmdExt)
                  2000e306    0000000e     rtsv7M4_T_le_eabi.lib : copy_decompress_none.obj (.text:decompress:none)
                  2000e314    0000000e     startup_ccs.obj (.text)
                  2000e322    00000002     --HOLE-- [fill = 0]
                  2000e324    0000000c     simplelink.a : cc_pal.obj (.text:NwpMaskInterrupt)
                  2000e330    0000000c                  : cc_pal.obj (.text:NwpUnMaskInterrupt)
                  2000e33c    0000000a     driverlib.a : interrupt.obj (.text:IntMasterEnable)
                  2000e346    00000008     rtsv7M4_T_le_eabi.lib : s_copysign.obj (.text)
                  2000e34e    00000006     driverlib.a : utils.obj (.text:UtilsDelay)
                  2000e354    00000006     rtsv7M4_T_le_eabi.lib : copy_decompress_rle.obj (.text:decompress:rle24)
                  2000e35a    00000006                           : atof.obj (.text)
                  2000e360    00000004                           : pre_init.obj (.text)

.const     0    2000e368    0000068c     
                  2000e368    00000101     rtsv7M4_T_le_eabi.lib : ctype.obj (.const:.string:_ctypes_)
                  2000e469    00000003     --HOLE-- [fill = 0]
                  2000e46c    00000100     driverlib.a : pin.obj (.const:g_ulPinToPadMap)
                  2000e56c    000000d4                 : interrupt.obj (.const:g_pulRegs)
                  2000e640    000000a8                 : prcm.obj (.const:PRCM_PeriphRegsList)
                  2000e6e8    00000098     rtsv7M4_T_le_eabi.lib : strtod.obj (.const:$O1$$)
                  2000e780    00000080     driverlib.a : interrupt.obj (.const)
                  2000e800    0000003c     simplelink.a : driver.obj (.const:OpcodeTranslateTable)
                  2000e83c    0000003c                  : wlan.obj (.const)
                  2000e878    00000038                  : driver.obj (.const:_SlActionLookupTable)
                  2000e8b0    00000038                  : driver.obj (.const)
                  2000e8e8    0000002c     main.obj (.const:$P$T1$2)
                  2000e914    00000028     simplelink.a : netapp.obj (.const)
                  2000e93c    00000022     main.obj (.const:.string:$P$T0$1)
                  2000e95e    0000001c     simplelink.a : device.obj (.const)
                  2000e97a    00000002     --HOLE-- [fill = 0]
                  2000e97c    00000018     driverlib.a : spi.obj (.const)
                  2000e994    00000014     main.obj (.const:$P$T2$3)
                  2000e9a8    00000013     smartconfig.obj (.const:.string:$P$T0$1)
                  2000e9bb    00000011     main.obj (.const:.string:$P$T3$4)
                  2000e9cc    00000010     smartconfig.obj (.const:.string:$P$T1$2)
                  2000e9dc    0000000f     main.obj (.const:.string:$P$T4$5)
                  2000e9eb    00000001     --HOLE-- [fill = 0]
                  2000e9ec    00000008     simplelink.a : netcfg.obj (.const)

.cinit     0    2000e9f8    000000c4     
                  2000e9f8    0000009b     (.cinit..data.load) [load image, compression = rle]
                  2000ea93    00000005     --HOLE-- [fill = 0]
                  2000ea98    0000000b     (.cinit..bss.load) [load image, compression = rle]
                  2000eaa3    00000001     --HOLE-- [fill = 0]
                  2000eaa4    00000008     (__TI_handler_table)
                  2000eaac    00000010     (__TI_cinit_table)

.sysmem    0    20017000    00008000     UNINITIALIZED
                  20017000    00000008     rtsv7M4_T_le_eabi.lib : memory.obj (.sysmem)
                  20017008    00007ff8     --HOLE--

.bss       0    2001f000    000003ad     UNINITIALIZED
                  2001f000    00000178     simplelink.a : driver.obj (.bss:g_StatMem)
                  2001f178    000000c8     free_rtos.a : tasks.obj (.bss:pxReadyTasksLists)
                  2001f240    00000050     simplelink.a : cc_pal.obj (.bss:g_ucDinDout)
                  2001f290    00000050     free_rtos.a : queue.obj (.bss:xQueueRegistry)
                  2001f2e0    00000024     (.common:g_ucConnectionSSID)
                  2001f304    00000024     (.common:g_ucSSID)
                  2001f328    00000014     (.common:xDelayedTaskList1)
                  2001f33c    00000014     (.common:xDelayedTaskList2)
                  2001f350    00000014     (.common:xPendingReadyList)
                  2001f364    00000014     (.common:xSuspendedTaskList)
                  2001f378    00000014     (.common:xTasksWaitingTermination)
                  2001f38c    00000008     (.common:g_ucConnectionBSSID)
                  2001f394    00000004     uart_if.obj (.bss)
                  2001f398    00000004     (.common:DMAMsgQ)
                  2001f39c    00000004     (.common:g_cDummy)
                  2001f3a0    00000004     (.common:pxDelayedTaskList)
                  2001f3a4    00000004     (.common:pxOverflowDelayedTaskList)
                  2001f3a8    00000001     (.common:RxIrqCnt)
                  2001f3a9    00000001     (.common:g_bDeviceRestartIsRequired)
                  2001f3aa    00000001     (.common:g_ucLED1Pin)
                  2001f3ab    00000001     (.common:g_ucLED2Pin)
                  2001f3ac    00000001     (.common:g_ucLED3Pin)

.data      0    2001f3b0    00000110     UNINITIALIZED
                  2001f3b0    00000034     free_rtos.a : tasks.obj (.data)
                  2001f3e4    00000029     main.obj (.data)
                  2001f40d    00000003     --HOLE--
                  2001f410    00000014     gpio_if.obj (.data:ulReg)
                  2001f424    0000000d     simplelink.a : driver.obj (.data)
                  2001f431    00000003     --HOLE--
                  2001f434    0000000c     rtsv7M4_T_le_eabi.lib : exit.obj (.data:$O1$$)
                  2001f440    0000000c                           : memory.obj (.data:$O1$$)
                  2001f44c    0000000c     free_rtos.a : osi_freertos.obj (.data)
                  2001f458    0000000c     gpio_if.obj (.data)
                  2001f464    0000000b     main.obj (.data:FAN_GET_token)
                  2001f46f    0000000b     main.obj (.data:FAN_POST_token)
                  2001f47a    0000000b     main.obj (.data:SP_GET_token)
                  2001f485    0000000b     main.obj (.data:SP_POST_token)
                  2001f490    0000000b     main.obj (.data:TEMP_GET_token)
                  2001f49b    00000001     --HOLE--
                  2001f49c    00000009     simplelink.a : cc_pal.obj (.data)
                  2001f4a5    00000003     --HOLE--
                  2001f4a8    00000008     rtsv7M4_T_le_eabi.lib : _lock.obj (.data:$O1$$)
                  2001f4b0    00000004     main.obj (.data:fanMode)
                  2001f4b4    00000004     free_rtos.a : port.obj (.data)
                  2001f4b8    00000004     rtsv7M4_T_le_eabi.lib : errno.obj (.data)
                  2001f4bc    00000004                           : stkdepth_vars.obj (.data)

.stack     0    2002f800    00000800     UNINITIALIZED
                  2002f800    00000800     --HOLE--

MODULE SUMMARY

       Module                     code    ro data   rw data
       ------                     ----    -------   -------
    .\
       main.obj                   4004    130       180    
       startup_ccs.obj            14      1024      0      
       gpio_if.obj                916     0         35     
       uart_if.obj                656     0         4      
       smartconfig.obj            232     35        0      
       pinmux.obj                 132     0         0      
       network_common.obj         38      0         0      
    +--+--------------------------+-------+---------+---------+
       Total:                     5992    1189      219    
                                                           
    C:/ti/CC3200SDK_1.2.0/cc3200-sdk/driverlib/ccs/Release/driverlib.a
       prcm.obj                   852     168       0      
       interrupt.obj              608     340       0      
       spi.obj                    696     24        0      
       udma.obj                   604     0         0      
       pin.obj                    274     256       0      
       gpio.obj                   286     0         0      
       uart.obj                   284     0         0      
       cpu.obj                    20      0         0      
       utils.obj                  6       0         0      
    +--+--------------------------+-------+---------+---------+
       Total:                     3630    788       0      
                                                           
    C:/ti/CC3200SDK_1.2.0/cc3200-sdk/oslib/ccs/free_rtos/free_rtos.a
       tasks.obj                  4700    0         360    
       queue.obj                  2852    0         80     
       osi_freertos.obj           1116    0         12     
       list.obj                   298     0         0      
       port.obj                   272     0         4      
       portasm.obj                186     0         0      
       heap_3.obj                 56      0         0      
    +--+--------------------------+-------+---------+---------+
       Total:                     9480    0         456    
                                                           
    C:/ti/CC3200SDK_1.2.0/cc3200-sdk/simplelink/ccs/OS/simplelink.a
       driver.obj                 6622    172       391    
       cc_pal.obj                 1644    0         97     
       netapp.obj                 1444    40        0      
       device.obj                 1018    28        0      
       wlan.obj                   900     60        0      
       socket.obj                 312     0         0      
       netcfg.obj                 124     8         0      
    +--+--------------------------+-------+---------+---------+
       Total:                     12064   308       488    
                                                           
    C:\ti\ccsv6\tools\compiler\ti-cgt-arm_15.12.1.LTS\lib\rtsv7M4_T_le_eabi.lib
       _printfi.obj               4348    0         0      
       memory.obj                 988     0         12     
       strtod.obj                 568     152       0      
       ull_div_t2.obj             500     0         0      
       fd_add_t2.obj              438     0         0      
       fd_div_t2.obj              310     0         0      
       fd_cmp_t2.obj              268     0         0      
       ctype.obj                  0       257       0      
       fd_mul_t2.obj              252     0         0      
       s_scalbn.obj               208     0         0      
       memcpy_t2.obj              156     0         0      
       vsnprintf.obj              136     0         0      
       memset_t2.obj              122     0         0      
       autoinit.obj               112     0         0      
       copy_decompress_rle.obj    112     0         0      
       fd_tos_t2.obj              110     0         0      
       exit.obj                   84      0         12     
       sprintf.obj                96      0         0      
       s_frexp.obj                92      0         0      
       ltoa.obj                   86      0         0      
       atoi.obj                   76      0         0      
       cpy_tbl.obj                76      0         0      
       fd_toi_t2.obj              72      0         0      
       boot.obj                   64      0         0      
       fs_tod_t2.obj              56      0         0      
       i_tofd_t2.obj              46      0         0      
       memmov.obj                 36      0         0      
       memcmp.obj                 34      0         0      
       _lock.obj                  20      0         8      
       memccpy.obj                28      0         0      
       args_main.obj              24      0         0      
       strchr.obj                 22      0         0      
       strcpy.obj                 20      0         0      
       strlen.obj                 20      0         0      
       copy_decompress_none.obj   14      0         0      
       s_copysign.obj             8       0         0      
       atof.obj                   6       0         0      
       errno.obj                  0       0         4      
       pre_init.obj               4       0         0      
       stkdepth_vars.obj          0       0         4      
       mpu_init.obj               2       0         0      
       startup.obj                2       0         0      
    +--+--------------------------+-------+---------+---------+
       Total:                     9616    409       40     
                                                           
       Heap:                      0       0         32768  
       Stack:                     0       0         2048   
       Linker Generated:          0       190       0      
    +--+--------------------------+-------+---------+---------+
       Grand Total:               40782   2884      36019  


LINKER GENERATED COPY TABLES

__TI_cinit_table @ 2000eaac records: 2, size/record: 8, table size: 16
	.data: load addr=2000e9f8, load size=0000009b bytes, run addr=2001f3b0, run size=00000110 bytes, compression=rle
	.bss: load addr=2000ea98, load size=0000000b bytes, run addr=2001f000, run size=000003ad bytes, compression=rle


LINKER GENERATED HANDLER TABLE

__TI_handler_table @ 2000eaa4 records: 2, size/record: 4, table size: 8
	index: 0, handler: __TI_decompress_rle24
	index: 1, handler: __TI_decompress_none


GLOBAL SYMBOLS: SORTED ALPHABETICALLY BY Name 

address   name                                  
-------   ----                                  
2000d3e1  C$$EXIT                               
2000e271  CPUcpsie                              
200093bd  ClearTerm                             
20007081  ConnectToNetwork                      
2001f398  DMAMsgQ                               
2000dd11  DmaSpiSwIntHandler                    
200093c7  Error                                 
2001f464  FAN_GET_token                         
2001f46f  FAN_POST_token                        
2000dbe1  GPIODirModeSet                        
2000e285  GPIOIntClear                          
2000e0bd  GPIOIntEnable                         
2000c7dd  GPIOIntTypeSet                        
2000e159  GPIOPinRead                           
2000df6b  GPIOPinWrite                          
200092a9  GPIO_IF_ConfigureNIntEnable           
20009325  GPIO_IF_Get                           
20009263  GPIO_IF_GetPortNPin                   
20009025  GPIO_IF_LedConfigure                  
20009117  GPIO_IF_LedOff                        
20009063  GPIO_IF_LedOn                         
200091cb  GPIO_IF_LedStatus                     
20009235  GPIO_IF_LedToggle                     
200092eb  GPIO_IF_Set                           
200093ff  GetCmd                                
2000937d  InitTerm                              
2000bd75  IntDisable                            
2000be1d  IntEnable                             
2000e33d  IntMasterEnable                       
2000d231  IntPendClear                          
2000d339  IntPrioritySet                        
2000df8d  IntRegister                           
2000de2d  IntUnregister                         
2000e299  IntVTableBaseSet                      
2000939b  Message                               
2000e325  NwpMaskInterrupt                      
2000db39  NwpPowerOff                           
2000dfad  NwpPowerOn                            
2000dde1  NwpRegisterInterruptHandler           
2000e331  NwpUnMaskInterrupt                    
2000e800  OpcodeTranslateTable                  
2000a479  PRCMCC3200MCUInit                     
2000e219  PRCMHIBRegRead                        
2000e22f  PRCMHIBRegWrite                       
2000dd69  PRCMPeripheralClkDisable              
2000dac1  PRCMPeripheralClkEnable               
2000c1e5  PRCMPeripheralClockGet                
2000d289  PRCMPeripheralReset                   
2000dc19  PRCMPeripheralStatusGet               
2000dd3d  PRCMSysResetCauseGet                  
2000c53d  PinConfigSet                          
2000d8c5  PinModeSet                            
2000c759  PinMuxConfig                          
2000dc81  PinTypeGPIO                           
2000e0d7  PinTypeUART                           
2000954d  Report                                
2000e315  ResetISR                              
2001f3a8  RxIrqCnt                              
UNDEFED   SHT$$INIT_ARRAY$$Base                 
UNDEFED   SHT$$INIT_ARRAY$$Limit                
2000e171  SPICSDisable                          
2000e189  SPICSEnable                           
2000bf6d  SPIConfigSetExpClk                    
2000e1a1  SPIDisable                            
2000e0f1  SPIDmaDisable                         
2000e10b  SPIDmaEnable                          
2000e1b9  SPIEnable                             
2000e125  SPIFIFODisable                        
2000e13f  SPIFIFOEnable                         
2000dc4d  SPIFIFOLevelSet                       
2000d651  SPIIntClear                           
2000d4d5  SPIIntEnable                          
2000df05  SPIReset                              
2000df27  SPIWordCountSet                       
2001f47a  SP_GET_token                          
2001f485  SP_POST_token                         
2000699d  SimpleLinkGeneralEventHandler         
20006b01  SimpleLinkHttpServerCallback          
20006929  SimpleLinkNetAppEventHandler          
200069b7  SimpleLinkSockEventHandler            
20006771  SimpleLinkWlanEventHandler            
2000b231  SmartConfigConnect                    
2000b2b9  SmartConfigStop                       
2001f490  TEMP_GET_token                        
200094b5  TrimSpace                             
2000e067  UARTCharGetNonBlocking                
2000e00d  UARTCharPut                           
2000e1d1  UARTCharsAvail                        
2000cd41  UARTConfigSetExpClk                   
2000dcb1  UARTDisable                           
2000de51  UARTEnable                            
2000e34f  UtilsDelay                            
20008a79  VDeleteSimpleLinkSpawnTask            
20008a29  VStartSimpleLinkSpawnTask             
2000e878  _SlActionLookupTable                  
2000c00d  _SlDriverHandleError                  
2000d699  _SlDrvBasicCmd                        
2000ba91  _SlDrvCmdOp                           
2000ce99  _SlDrvCmdSend                         
2000c149  _SlDrvDeviceEventHandler              
2000e2e9  _SlDrvDispatchHttpServerEvents        
2000ac31  _SlDrvDriverCBDeinit                  
2000a159  _SlDrvDriverCBInit                    
2000de75  _SlDrvGlobalObjUnLock                 
2000d7b5  _SlDrvHandleHttpServerEvents          
2000d905  _SlDrvHandleNetAppEvents              
2000d945  _SlDrvHandleWlanEvents                
2000e245  _SlDrvMemZero                         
2000b695  _SlDrvMsgReadSpawnCtx                 
2000ae59  _SlDrvNetAppEventHandler              
2000d521  _SlDrvProtectAsyncRespSetting         
2000ddb9  _SlDrvProtectionObjLockWaitForever    
2000de99  _SlDrvProtectionObjUnLock             
20009c35  _SlDrvReleasePoolObj                  
2000e2f9  _SlDrvResetCmdExt                     
2000d435  _SlDrvRxIrqHandler                    
2000e02b  _SlDrvSyncObjSignal                   
2000debd  _SlDrvSyncObjWaitForever              
2000d985  _SlDrvSyncObjWaitTimeout              
2000a2e9  _SlDrvWaitForPoolObj                  
2000e930  _SlNetAppSendTokenValueCmdCtrl        
20030000  __STACK_END                           
00000800  __STACK_SIZE                          
00008000  __SYSMEM_SIZE                         
2000eaac  __TI_CINIT_Base                       
2000eabc  __TI_CINIT_Limit                      
2000eaa4  __TI_Handler_Table_Base               
2000eaac  __TI_Handler_Table_Limit              
2000cdb9  __TI_auto_init                        
2001f434  __TI_cleanup_ptr                      
2000e307  __TI_decompress_none                  
2000e355  __TI_decompress_rle24                 
2001f438  __TI_dtors_ptr                        
2001f43c  __TI_enable_exit_profile_output       
ffffffff  __TI_pprof_out_hndl                   
20006453  __TI_printfi                          
ffffffff  __TI_prof_data_size                   
ffffffff  __TI_prof_data_start                  
2000e9f8  __TI_static_base__                    
2000c64d  __aeabi_cdcmpeq                       
2000c64d  __aeabi_cdcmple                       
2000c6d3  __aeabi_cdrcmple                      
2000ce29  __aeabi_d2f                           
2000d6e1  __aeabi_d2iz                          
20009e0f  __aeabi_dadd                          
2000a8b1  __aeabi_ddiv                          
2000af5d  __aeabi_dmul                          
20009e05  __aeabi_dsub                          
2000dba9  __aeabi_f2d                           
2000dce1  __aeabi_i2d                           
2000cbd5  __aeabi_memclr                        
2000cbd5  __aeabi_memclr4                       
2000cbd5  __aeabi_memclr8                       
2000c0ad  __aeabi_memcpy                        
2000c0ad  __aeabi_memcpy4                       
2000c0ad  __aeabi_memcpy8                       
2000cbd7  __aeabi_memset                        
2000cbd7  __aeabi_memset4                       
2000cbd7  __aeabi_memset8                       
20009a41  __aeabi_uldivmod                      
ffffffff  __binit__                             
ffffffff  __c_args__                            
2000bc0b  __mpu_init                            
2002f800  __stack                               
2000e201  _args_main                            
2000d9c5  _c_int00                              
2000e368  _ctypes_                              
2001f4a8  _lock                                 
2000e2bb  _nop                                  
2000e2b3  _register_lock                        
2000e2ad  _register_unlock                      
2000d049  _sl_HandleAsync_Accept                
2000c861  _sl_HandleAsync_Connect               
2000c279  _sl_HandleAsync_DnsGetHostByName      
2000b839  _sl_HandleAsync_DnsGetHostByService   
2000c8e1  _sl_HandleAsync_InitComplete          
2000c309  _sl_HandleAsync_PingResponse          
2000d38d  _sl_HandleAsync_Select                
2000d485  _sl_HandleAsync_Stop                  
2000cf05  _sl_NetAppSendTokenValue              
20017000  _sys_memory                           
2000c1e3  _system_post_cinit                    
2000e361  _system_pre_init                      
2001f4ac  _unlock                               
2000d3e5  abort                                 
2000e35b  atof                                  
2000d56d  atoi                                  
ffffffff  binit                                 
20008fb5  calloc                                
2001f3fc  coolingSetpoint                       
2000d5b9  copy_in                               
2000e347  copysign                              
2000e347  copysignl                             
20004691  eTaskGetState                         
2001f4b8  errno                                 
2000d3ed  exit                                  
2001f4b0  fanMode                               
20008d03  free                                  
2000d1d5  frexp                                 
2000d1d5  frexpl                                
2001f49c  g_SpiFd                               
2001f3a9  g_bDeviceRestartIsRequired            
2001f39c  g_cDummy                              
2001f3f0  g_iSimplelinkRole                     
2001f428  g_pCB                                 
2001f4a0  g_pHostIntHdl                         
20004000  g_pfnVectors                          
2001f40c  g_ucConnectTimeout                    
2001f38c  g_ucConnectionBSSID                   
2001f2e0  g_ucConnectionSSID                    
2001f4a4  g_ucDMAEnabled                        
2001f240  g_ucDinDout                           
2001f3aa  g_ucLED1Pin                           
2001f3ab  g_ucLED2Pin                           
2001f3ac  g_ucLED3Pin                           
2001f304  g_ucSSID                              
2001f408  g_uiDeviceModeConfig                  
2001f3f4  g_uiIpAddress                         
2001f458  g_uiLED1Port                          
2001f45c  g_uiLED2Port                          
2001f460  g_uiLED3Port                          
2001f404  g_uiSimplelinkRole                    
2001f3ec  g_ulGatewayIP                         
2001f3e8  g_ulPingPacketsRecv                   
2001f3e4  g_ulStatus                            
2001f400  g_usMCNetworkUstate                   
2000b769  ldexp                                 
2000b769  ldexpl                                
2000d2e1  ltoa                                  
20007491  main                                  
2001f4bc  main_func_sp                          
20008c9b  malloc                                
20008b7d  mem_Free                              
20008b71  mem_Malloc                            
20008b9d  mem_copy                              
20008b89  mem_set                               
20008ed1  memalign                              
2000e083  memccpy                               
2000df49  memcmp                                
2000c0ad  memcpy                                
2000dee1  memmove                               
2000cbdd  memset                                
20008c0d  minit                                 
20008bf3  osi_ContextRestore                    
20008bf1  osi_ContextSave                       
20008bb1  osi_EnterCritical                     
20008bbb  osi_ExitCritical                      
200087d7  osi_InterruptDeRegister               
200087b1  osi_InterruptRegister                 
200088e1  osi_LockObjCreate                     
20008955  osi_LockObjDelete                     
20008965  osi_LockObjLock                       
20008991  osi_LockObjUnlock                     
20008aa5  osi_MsgQCreate                        
20008ae9  osi_MsgQDelete                        
20008b35  osi_MsgQRead                          
20008b03  osi_MsgQWrite                         
20008bcd  osi_Sleep                             
200089bb  osi_Spawn                             
200088bf  osi_SyncObjClear                      
200087e9  osi_SyncObjCreate                     
20008819  osi_SyncObjDelete                     
20008833  osi_SyncObjSignal                     
2000885b  osi_SyncObjSignalFromISR              
20008893  osi_SyncObjWait                       
20008907  osi_TaskCreate                        
20008947  osi_TaskDelete                        
20008bdd  osi_TaskDisable                       
20008be7  osi_TaskEnable                        
20008bc5  osi_start                             
2001f42c  pPingCallBackFunc                     
20004bb5  pcTaskGetTaskName                     
2000bc05  portCLZ                               
2000bbed  prvPortStartFirstTask                 
2000db71  pvPortMalloc                          
2001f3b0  pxCurrentTCB                          
2000ad49  pxPortInitialiseStack                 
20008dc5  realloc                               
2000b769  scalbn                                
2000b769  scalbnl                               
2000bc0d  sl_DevGet                             
2000b905  sl_NetAppMDNSRegisterUnregisterService
2000d729  sl_NetAppMDNSUnRegisterService        
2000ca61  sl_NetAppSet                          
2000da05  sl_NetAppStart                        
2000da45  sl_NetAppStop                         
2000cadd  sl_NetCfgSet                          
2000de07  sl_Provisioning_HttpServerEventHdl    
2000de15  sl_Provisioning_NetAppEventHdl        
2000de21  sl_Provisioning_WlanEventHdl          
2000b3fd  sl_Start                              
2000b319  sl_Stop                               
2000dfcd  sl_WlanDisconnect                     
2000bcc1  sl_WlanGet                            
2000cc51  sl_WlanPolicySet                      
2000d83d  sl_WlanProfileDel                     
2000cf71  sl_WlanRxFilterSet                    
2000cb59  sl_WlanSet                            
2000d881  sl_WlanSetMode                        
2000bec5  sl_WlanSmartConfigStart               
2000dfed  sl_WlanSmartConfigStop                
2000ccc9  spi_Close                             
2000a761  spi_Open                              
2000b5b9  spi_Read                              
2000c4b1  spi_Write                             
2000d175  sprintf                               
2000e25b  strchr                                
2000e2c1  strcpy                                
2000e2d5  strlen                                
2000960d  strtod                                
2000960d  strtold                               
2001f3f8  temperature                           
2000d605  uDMAChannelAssign                     
2000d0ad  uDMAChannelAttributeDisable           
2000d111  uDMAChannelAttributeEnable            
2000dafd  uDMAChannelControlSet                 
2000e0a1  uDMAChannelEnable                     
2000b059  uDMAChannelTransferSet                
20007e7d  ucQueueGetQueueType                   
2000bb55  ulPortSetInterruptMask                
2000aac9  uxListRemove                          
20007e5d  uxQueueGetQueueNumber                 
20007df1  uxQueueMessagesWaiting                
20007e27  uxQueueMessagesWaitingFromISR         
20007e07  uxQueueSpacesAvailable                
20004ba9  uxTaskGetNumberOfTasks                
20004bd9  uxTaskGetSystemState                  
200050cd  uxTaskGetTaskNumber                   
20004725  uxTaskPriorityGet                     
20005625  uxTaskResetEventItemValue             
20006763  vApplicationIdleHook                  
20006765  vApplicationMallocFailedHook          
20006767  vApplicationStackOverflowHook         
20006759  vAssertCalled                         
2000a9e7  vListInitialise                       
2000aa17  vListInitialiseItem                   
2000aa63  vListInsert                           
2000aa27  vListInsertEnd                        
2000bb6b  vPortClearInterruptMask               
2000adc5  vPortEndScheduler                     
2000add9  vPortEnterCritical                    
2000adf1  vPortExitCritical                     
2000db91  vPortFree                             
2000bbc5  vPortSVCHandler                       
2000ae25  vPortSetupTimerInterrupt              
2000adc7  vPortYield                            
20008097  vQueueAddToRegistry                   
20007e39  vQueueDelete                          
20007e6b  vQueueSetQueueNumber                  
200080d9  vQueueUnregisterQueue                 
2000463b  vTaskDelay                            
2000459f  vTaskDelayUntil                       
2000450f  vTaskDelete                           
20004a8d  vTaskEndScheduler                     
200050bf  vTaskMissedYield                      
20004e55  vTaskPlaceOnEventList                 
20004eb9  vTaskPlaceOnUnorderedEventList        
2000559b  vTaskPriorityDisinherit               
200054e1  vTaskPriorityInherit                  
2000475d  vTaskPrioritySet                      
20004955  vTaskResume                           
200050ed  vTaskSetTaskNumber                    
2000501f  vTaskSetTimeOutState                  
20004a43  vTaskStartScheduler                   
20004861  vTaskSuspend                          
20004a9f  vTaskSuspendAll                       
20004dd5  vTaskSwitchContext                    
2000c5c5  vsnprintf                             
2001f44c  xHigherPriorityTaskWoken              
2000bb79  xPortPendSVHandler                    
2000ad99  xPortStartScheduler                   
2000ae09  xPortSysTickHandler                   
20008127  xQueueAddToSet                        
20007a59  xQueueAltGenericReceive               
200079ad  xQueueAltGenericSend                  
20007881  xQueueCreateCountingSemaphore         
20007803  xQueueCreateMutex                     
20008113  xQueueCreateSet                       
2000778d  xQueueGenericCreate                   
20007bf3  xQueueGenericReceive                  
200076fd  xQueueGenericReset                    
200078a1  xQueueGenericSend                     
20007b57  xQueueGenericSendFromISR              
20008033  xQueueIsQueueEmptyFromISR             
20008075  xQueueIsQueueFullFromISR              
20007dad  xQueuePeekFromISR                     
20007d35  xQueueReceiveFromISR                  
2001f290  xQueueRegistry                        
2000815b  xQueueRemoveFromSet                   
2000819d  xQueueSelectFromSet                   
200081b7  xQueueSelectFromSetFromISR            
2001f450  xSimpleLinkSpawnQueue                 
2001f454  xSimpleLinkSpawnTaskHndl              
20005045  xTaskCheckForTimeOut                  
20004401  xTaskGenericCreate                    
20005495  xTaskGetCurrentTaskHandle             
20004c97  xTaskGetIdleTaskHandle                
200054a9  xTaskGetSchedulerState                
20004b7d  xTaskGetTickCount                     
20004b91  xTaskGetTickCountFromISR              
20004cb1  xTaskIncrementTick                    
20004f2d  xTaskRemoveFromEventList              
20004fb1  xTaskRemoveFromUnorderedEventList     
20004ab1  xTaskResumeAll                        
200049c9  xTaskResumeFromISR                    


GLOBAL SYMBOLS: SORTED BY Symbol Address 

address   name                                  
-------   ----                                  
00000800  __STACK_SIZE                          
00008000  __SYSMEM_SIZE                         
20004000  g_pfnVectors                          
20004401  xTaskGenericCreate                    
2000450f  vTaskDelete                           
2000459f  vTaskDelayUntil                       
2000463b  vTaskDelay                            
20004691  eTaskGetState                         
20004725  uxTaskPriorityGet                     
2000475d  vTaskPrioritySet                      
20004861  vTaskSuspend                          
20004955  vTaskResume                           
200049c9  xTaskResumeFromISR                    
20004a43  vTaskStartScheduler                   
20004a8d  vTaskEndScheduler                     
20004a9f  vTaskSuspendAll                       
20004ab1  xTaskResumeAll                        
20004b7d  xTaskGetTickCount                     
20004b91  xTaskGetTickCountFromISR              
20004ba9  uxTaskGetNumberOfTasks                
20004bb5  pcTaskGetTaskName                     
20004bd9  uxTaskGetSystemState                  
20004c97  xTaskGetIdleTaskHandle                
20004cb1  xTaskIncrementTick                    
20004dd5  vTaskSwitchContext                    
20004e55  vTaskPlaceOnEventList                 
20004eb9  vTaskPlaceOnUnorderedEventList        
20004f2d  xTaskRemoveFromEventList              
20004fb1  xTaskRemoveFromUnorderedEventList     
2000501f  vTaskSetTimeOutState                  
20005045  xTaskCheckForTimeOut                  
200050bf  vTaskMissedYield                      
200050cd  uxTaskGetTaskNumber                   
200050ed  vTaskSetTaskNumber                    
20005495  xTaskGetCurrentTaskHandle             
200054a9  xTaskGetSchedulerState                
200054e1  vTaskPriorityInherit                  
2000559b  vTaskPriorityDisinherit               
20005625  uxTaskResetEventItemValue             
20006453  __TI_printfi                          
20006759  vAssertCalled                         
20006763  vApplicationIdleHook                  
20006765  vApplicationMallocFailedHook          
20006767  vApplicationStackOverflowHook         
20006771  SimpleLinkWlanEventHandler            
20006929  SimpleLinkNetAppEventHandler          
2000699d  SimpleLinkGeneralEventHandler         
200069b7  SimpleLinkSockEventHandler            
20006b01  SimpleLinkHttpServerCallback          
20007081  ConnectToNetwork                      
20007491  main                                  
200076fd  xQueueGenericReset                    
2000778d  xQueueGenericCreate                   
20007803  xQueueCreateMutex                     
20007881  xQueueCreateCountingSemaphore         
200078a1  xQueueGenericSend                     
200079ad  xQueueAltGenericSend                  
20007a59  xQueueAltGenericReceive               
20007b57  xQueueGenericSendFromISR              
20007bf3  xQueueGenericReceive                  
20007d35  xQueueReceiveFromISR                  
20007dad  xQueuePeekFromISR                     
20007df1  uxQueueMessagesWaiting                
20007e07  uxQueueSpacesAvailable                
20007e27  uxQueueMessagesWaitingFromISR         
20007e39  vQueueDelete                          
20007e5d  uxQueueGetQueueNumber                 
20007e6b  vQueueSetQueueNumber                  
20007e7d  ucQueueGetQueueType                   
20008033  xQueueIsQueueEmptyFromISR             
20008075  xQueueIsQueueFullFromISR              
20008097  vQueueAddToRegistry                   
200080d9  vQueueUnregisterQueue                 
20008113  xQueueCreateSet                       
20008127  xQueueAddToSet                        
2000815b  xQueueRemoveFromSet                   
2000819d  xQueueSelectFromSet                   
200081b7  xQueueSelectFromSetFromISR            
200087b1  osi_InterruptRegister                 
200087d7  osi_InterruptDeRegister               
200087e9  osi_SyncObjCreate                     
20008819  osi_SyncObjDelete                     
20008833  osi_SyncObjSignal                     
2000885b  osi_SyncObjSignalFromISR              
20008893  osi_SyncObjWait                       
200088bf  osi_SyncObjClear                      
200088e1  osi_LockObjCreate                     
20008907  osi_TaskCreate                        
20008947  osi_TaskDelete                        
20008955  osi_LockObjDelete                     
20008965  osi_LockObjLock                       
20008991  osi_LockObjUnlock                     
200089bb  osi_Spawn                             
20008a29  VStartSimpleLinkSpawnTask             
20008a79  VDeleteSimpleLinkSpawnTask            
20008aa5  osi_MsgQCreate                        
20008ae9  osi_MsgQDelete                        
20008b03  osi_MsgQWrite                         
20008b35  osi_MsgQRead                          
20008b71  mem_Malloc                            
20008b7d  mem_Free                              
20008b89  mem_set                               
20008b9d  mem_copy                              
20008bb1  osi_EnterCritical                     
20008bbb  osi_ExitCritical                      
20008bc5  osi_start                             
20008bcd  osi_Sleep                             
20008bdd  osi_TaskDisable                       
20008be7  osi_TaskEnable                        
20008bf1  osi_ContextSave                       
20008bf3  osi_ContextRestore                    
20008c0d  minit                                 
20008c9b  malloc                                
20008d03  free                                  
20008dc5  realloc                               
20008ed1  memalign                              
20008fb5  calloc                                
20009025  GPIO_IF_LedConfigure                  
20009063  GPIO_IF_LedOn                         
20009117  GPIO_IF_LedOff                        
200091cb  GPIO_IF_LedStatus                     
20009235  GPIO_IF_LedToggle                     
20009263  GPIO_IF_GetPortNPin                   
200092a9  GPIO_IF_ConfigureNIntEnable           
200092eb  GPIO_IF_Set                           
20009325  GPIO_IF_Get                           
2000937d  InitTerm                              
2000939b  Message                               
200093bd  ClearTerm                             
200093c7  Error                                 
200093ff  GetCmd                                
200094b5  TrimSpace                             
2000954d  Report                                
2000960d  strtod                                
2000960d  strtold                               
20009a41  __aeabi_uldivmod                      
20009c35  _SlDrvReleasePoolObj                  
20009e05  __aeabi_dsub                          
20009e0f  __aeabi_dadd                          
2000a159  _SlDrvDriverCBInit                    
2000a2e9  _SlDrvWaitForPoolObj                  
2000a479  PRCMCC3200MCUInit                     
2000a761  spi_Open                              
2000a8b1  __aeabi_ddiv                          
2000a9e7  vListInitialise                       
2000aa17  vListInitialiseItem                   
2000aa27  vListInsertEnd                        
2000aa63  vListInsert                           
2000aac9  uxListRemove                          
2000ac31  _SlDrvDriverCBDeinit                  
2000ad49  pxPortInitialiseStack                 
2000ad99  xPortStartScheduler                   
2000adc5  vPortEndScheduler                     
2000adc7  vPortYield                            
2000add9  vPortEnterCritical                    
2000adf1  vPortExitCritical                     
2000ae09  xPortSysTickHandler                   
2000ae25  vPortSetupTimerInterrupt              
2000ae59  _SlDrvNetAppEventHandler              
2000af5d  __aeabi_dmul                          
2000b059  uDMAChannelTransferSet                
2000b231  SmartConfigConnect                    
2000b2b9  SmartConfigStop                       
2000b319  sl_Stop                               
2000b3fd  sl_Start                              
2000b5b9  spi_Read                              
2000b695  _SlDrvMsgReadSpawnCtx                 
2000b769  ldexp                                 
2000b769  ldexpl                                
2000b769  scalbn                                
2000b769  scalbnl                               
2000b839  _sl_HandleAsync_DnsGetHostByService   
2000b905  sl_NetAppMDNSRegisterUnregisterService
2000ba91  _SlDrvCmdOp                           
2000bb55  ulPortSetInterruptMask                
2000bb6b  vPortClearInterruptMask               
2000bb79  xPortPendSVHandler                    
2000bbc5  vPortSVCHandler                       
2000bbed  prvPortStartFirstTask                 
2000bc05  portCLZ                               
2000bc0b  __mpu_init                            
2000bc0d  sl_DevGet                             
2000bcc1  sl_WlanGet                            
2000bd75  IntDisable                            
2000be1d  IntEnable                             
2000bec5  sl_WlanSmartConfigStart               
2000bf6d  SPIConfigSetExpClk                    
2000c00d  _SlDriverHandleError                  
2000c0ad  __aeabi_memcpy                        
2000c0ad  __aeabi_memcpy4                       
2000c0ad  __aeabi_memcpy8                       
2000c0ad  memcpy                                
2000c149  _SlDrvDeviceEventHandler              
2000c1e3  _system_post_cinit                    
2000c1e5  PRCMPeripheralClockGet                
2000c279  _sl_HandleAsync_DnsGetHostByName      
2000c309  _sl_HandleAsync_PingResponse          
2000c4b1  spi_Write                             
2000c53d  PinConfigSet                          
2000c5c5  vsnprintf                             
2000c64d  __aeabi_cdcmpeq                       
2000c64d  __aeabi_cdcmple                       
2000c6d3  __aeabi_cdrcmple                      
2000c759  PinMuxConfig                          
2000c7dd  GPIOIntTypeSet                        
2000c861  _sl_HandleAsync_Connect               
2000c8e1  _sl_HandleAsync_InitComplete          
2000ca61  sl_NetAppSet                          
2000cadd  sl_NetCfgSet                          
2000cb59  sl_WlanSet                            
2000cbd5  __aeabi_memclr                        
2000cbd5  __aeabi_memclr4                       
2000cbd5  __aeabi_memclr8                       
2000cbd7  __aeabi_memset                        
2000cbd7  __aeabi_memset4                       
2000cbd7  __aeabi_memset8                       
2000cbdd  memset                                
2000cc51  sl_WlanPolicySet                      
2000ccc9  spi_Close                             
2000cd41  UARTConfigSetExpClk                   
2000cdb9  __TI_auto_init                        
2000ce29  __aeabi_d2f                           
2000ce99  _SlDrvCmdSend                         
2000cf05  _sl_NetAppSendTokenValue              
2000cf71  sl_WlanRxFilterSet                    
2000d049  _sl_HandleAsync_Accept                
2000d0ad  uDMAChannelAttributeDisable           
2000d111  uDMAChannelAttributeEnable            
2000d175  sprintf                               
2000d1d5  frexp                                 
2000d1d5  frexpl                                
2000d231  IntPendClear                          
2000d289  PRCMPeripheralReset                   
2000d2e1  ltoa                                  
2000d339  IntPrioritySet                        
2000d38d  _sl_HandleAsync_Select                
2000d3e1  C$$EXIT                               
2000d3e5  abort                                 
2000d3ed  exit                                  
2000d435  _SlDrvRxIrqHandler                    
2000d485  _sl_HandleAsync_Stop                  
2000d4d5  SPIIntEnable                          
2000d521  _SlDrvProtectAsyncRespSetting         
2000d56d  atoi                                  
2000d5b9  copy_in                               
2000d605  uDMAChannelAssign                     
2000d651  SPIIntClear                           
2000d699  _SlDrvBasicCmd                        
2000d6e1  __aeabi_d2iz                          
2000d729  sl_NetAppMDNSUnRegisterService        
2000d7b5  _SlDrvHandleHttpServerEvents          
2000d83d  sl_WlanProfileDel                     
2000d881  sl_WlanSetMode                        
2000d8c5  PinModeSet                            
2000d905  _SlDrvHandleNetAppEvents              
2000d945  _SlDrvHandleWlanEvents                
2000d985  _SlDrvSyncObjWaitTimeout              
2000d9c5  _c_int00                              
2000da05  sl_NetAppStart                        
2000da45  sl_NetAppStop                         
2000dac1  PRCMPeripheralClkEnable               
2000dafd  uDMAChannelControlSet                 
2000db39  NwpPowerOff                           
2000db71  pvPortMalloc                          
2000db91  vPortFree                             
2000dba9  __aeabi_f2d                           
2000dbe1  GPIODirModeSet                        
2000dc19  PRCMPeripheralStatusGet               
2000dc4d  SPIFIFOLevelSet                       
2000dc81  PinTypeGPIO                           
2000dcb1  UARTDisable                           
2000dce1  __aeabi_i2d                           
2000dd11  DmaSpiSwIntHandler                    
2000dd3d  PRCMSysResetCauseGet                  
2000dd69  PRCMPeripheralClkDisable              
2000ddb9  _SlDrvProtectionObjLockWaitForever    
2000dde1  NwpRegisterInterruptHandler           
2000de07  sl_Provisioning_HttpServerEventHdl    
2000de15  sl_Provisioning_NetAppEventHdl        
2000de21  sl_Provisioning_WlanEventHdl          
2000de2d  IntUnregister                         
2000de51  UARTEnable                            
2000de75  _SlDrvGlobalObjUnLock                 
2000de99  _SlDrvProtectionObjUnLock             
2000debd  _SlDrvSyncObjWaitForever              
2000dee1  memmove                               
2000df05  SPIReset                              
2000df27  SPIWordCountSet                       
2000df49  memcmp                                
2000df6b  GPIOPinWrite                          
2000df8d  IntRegister                           
2000dfad  NwpPowerOn                            
2000dfcd  sl_WlanDisconnect                     
2000dfed  sl_WlanSmartConfigStop                
2000e00d  UARTCharPut                           
2000e02b  _SlDrvSyncObjSignal                   
2000e067  UARTCharGetNonBlocking                
2000e083  memccpy                               
2000e0a1  uDMAChannelEnable                     
2000e0bd  GPIOIntEnable                         
2000e0d7  PinTypeUART                           
2000e0f1  SPIDmaDisable                         
2000e10b  SPIDmaEnable                          
2000e125  SPIFIFODisable                        
2000e13f  SPIFIFOEnable                         
2000e159  GPIOPinRead                           
2000e171  SPICSDisable                          
2000e189  SPICSEnable                           
2000e1a1  SPIDisable                            
2000e1b9  SPIEnable                             
2000e1d1  UARTCharsAvail                        
2000e201  _args_main                            
2000e219  PRCMHIBRegRead                        
2000e22f  PRCMHIBRegWrite                       
2000e245  _SlDrvMemZero                         
2000e25b  strchr                                
2000e271  CPUcpsie                              
2000e285  GPIOIntClear                          
2000e299  IntVTableBaseSet                      
2000e2ad  _register_unlock                      
2000e2b3  _register_lock                        
2000e2bb  _nop                                  
2000e2c1  strcpy                                
2000e2d5  strlen                                
2000e2e9  _SlDrvDispatchHttpServerEvents        
2000e2f9  _SlDrvResetCmdExt                     
2000e307  __TI_decompress_none                  
2000e315  ResetISR                              
2000e325  NwpMaskInterrupt                      
2000e331  NwpUnMaskInterrupt                    
2000e33d  IntMasterEnable                       
2000e347  copysign                              
2000e347  copysignl                             
2000e34f  UtilsDelay                            
2000e355  __TI_decompress_rle24                 
2000e35b  atof                                  
2000e361  _system_pre_init                      
2000e368  _ctypes_                              
2000e800  OpcodeTranslateTable                  
2000e878  _SlActionLookupTable                  
2000e930  _SlNetAppSendTokenValueCmdCtrl        
2000e9f8  __TI_static_base__                    
2000eaa4  __TI_Handler_Table_Base               
2000eaac  __TI_CINIT_Base                       
2000eaac  __TI_Handler_Table_Limit              
2000eabc  __TI_CINIT_Limit                      
20017000  _sys_memory                           
2001f240  g_ucDinDout                           
2001f290  xQueueRegistry                        
2001f2e0  g_ucConnectionSSID                    
2001f304  g_ucSSID                              
2001f38c  g_ucConnectionBSSID                   
2001f398  DMAMsgQ                               
2001f39c  g_cDummy                              
2001f3a8  RxIrqCnt                              
2001f3a9  g_bDeviceRestartIsRequired            
2001f3aa  g_ucLED1Pin                           
2001f3ab  g_ucLED2Pin                           
2001f3ac  g_ucLED3Pin                           
2001f3b0  pxCurrentTCB                          
2001f3e4  g_ulStatus                            
2001f3e8  g_ulPingPacketsRecv                   
2001f3ec  g_ulGatewayIP                         
2001f3f0  g_iSimplelinkRole                     
2001f3f4  g_uiIpAddress                         
2001f3f8  temperature                           
2001f3fc  coolingSetpoint                       
2001f400  g_usMCNetworkUstate                   
2001f404  g_uiSimplelinkRole                    
2001f408  g_uiDeviceModeConfig                  
2001f40c  g_ucConnectTimeout                    
2001f428  g_pCB                                 
2001f42c  pPingCallBackFunc                     
2001f434  __TI_cleanup_ptr                      
2001f438  __TI_dtors_ptr                        
2001f43c  __TI_enable_exit_profile_output       
2001f44c  xHigherPriorityTaskWoken              
2001f450  xSimpleLinkSpawnQueue                 
2001f454  xSimpleLinkSpawnTaskHndl              
2001f458  g_uiLED1Port                          
2001f45c  g_uiLED2Port                          
2001f460  g_uiLED3Port                          
2001f464  FAN_GET_token                         
2001f46f  FAN_POST_token                        
2001f47a  SP_GET_token                          
2001f485  SP_POST_token                         
2001f490  TEMP_GET_token                        
2001f49c  g_SpiFd                               
2001f4a0  g_pHostIntHdl                         
2001f4a4  g_ucDMAEnabled                        
2001f4a8  _lock                                 
2001f4ac  _unlock                               
2001f4b0  fanMode                               
2001f4b8  errno                                 
2001f4bc  main_func_sp                          
2002f800  __stack                               
20030000  __STACK_END                           
ffffffff  __TI_pprof_out_hndl                   
ffffffff  __TI_prof_data_size                   
ffffffff  __TI_prof_data_start                  
ffffffff  __binit__                             
ffffffff  __c_args__                            
ffffffff  binit                                 
UNDEFED   SHT$$INIT_ARRAY$$Base                 
UNDEFED   SHT$$INIT_ARRAY$$Limit                

[405 symbols]
