<?xml version="1.0"?>
<link_info>
   <banner>TI ARM Linker PC v15.12.1.LTS</banner>
   <copyright>Copyright (c) 1996-2015 Texas Instruments Incorporated</copyright>
   <link_time>0x56f98630</link_time>
   <link_errors>0x0</link_errors>
   <output_file>httpserver.out</output_file>
   <entry_point>
      <name>_c_int00</name>
      <address>0x2000d9c5</address>
   </entry_point>
   <input_file_list>
      <input_file id="fl-2">
         <path>.\</path>
         <kind>object</kind>
         <file>gpio_functions.obj</file>
         <name>gpio_functions.obj</name>
      </input_file>
      <input_file id="fl-3">
         <path>.\</path>
         <kind>object</kind>
         <file>gpio_if.obj</file>
         <name>gpio_if.obj</name>
      </input_file>
      <input_file id="fl-4">
         <path>.\</path>
         <kind>object</kind>
         <file>main.obj</file>
         <name>main.obj</name>
      </input_file>
      <input_file id="fl-5">
         <path>.\</path>
         <kind>object</kind>
         <file>network_common.obj</file>
         <name>network_common.obj</name>
      </input_file>
      <input_file id="fl-6">
         <path>.\</path>
         <kind>object</kind>
         <file>pinmux.obj</file>
         <name>pinmux.obj</name>
      </input_file>
      <input_file id="fl-7">
         <path>.\</path>
         <kind>object</kind>
         <file>smartconfig.obj</file>
         <name>smartconfig.obj</name>
      </input_file>
      <input_file id="fl-8">
         <path>.\</path>
         <kind>object</kind>
         <file>startup_ccs.obj</file>
         <name>startup_ccs.obj</name>
      </input_file>
      <input_file id="fl-9">
         <path>.\</path>
         <kind>object</kind>
         <file>uart_if.obj</file>
         <name>uart_if.obj</name>
      </input_file>
      <input_file id="fl-c6">
         <path>C:\ti\ccsv6\tools\compiler\ti-cgt-arm_15.12.1.LTS\lib\</path>
         <kind>archive</kind>
         <file>rtsv7M4_T_le_eabi.lib</file>
         <name>atof.obj</name>
      </input_file>
      <input_file id="fl-c7">
         <path>C:\ti\ccsv6\tools\compiler\ti-cgt-arm_15.12.1.LTS\lib\</path>
         <kind>archive</kind>
         <file>rtsv7M4_T_le_eabi.lib</file>
         <name>boot.obj</name>
      </input_file>
      <input_file id="fl-c8">
         <path>C:\ti\ccsv6\tools\compiler\ti-cgt-arm_15.12.1.LTS\lib\</path>
         <kind>archive</kind>
         <file>rtsv7M4_T_le_eabi.lib</file>
         <name>copy_decompress_none.obj</name>
      </input_file>
      <input_file id="fl-c9">
         <path>C:\ti\ccsv6\tools\compiler\ti-cgt-arm_15.12.1.LTS\lib\</path>
         <kind>archive</kind>
         <file>rtsv7M4_T_le_eabi.lib</file>
         <name>copy_decompress_rle.obj</name>
      </input_file>
      <input_file id="fl-ca">
         <path>C:\ti\ccsv6\tools\compiler\ti-cgt-arm_15.12.1.LTS\lib\</path>
         <kind>archive</kind>
         <file>rtsv7M4_T_le_eabi.lib</file>
         <name>copy_zero_init.obj</name>
      </input_file>
      <input_file id="fl-cb">
         <path>C:\ti\ccsv6\tools\compiler\ti-cgt-arm_15.12.1.LTS\lib\</path>
         <kind>archive</kind>
         <file>rtsv7M4_T_le_eabi.lib</file>
         <name>exit.obj</name>
      </input_file>
      <input_file id="fl-cc">
         <path>C:\ti\ccsv6\tools\compiler\ti-cgt-arm_15.12.1.LTS\lib\</path>
         <kind>archive</kind>
         <file>rtsv7M4_T_le_eabi.lib</file>
         <name>fd_tos_t2.obj</name>
      </input_file>
      <input_file id="fl-cd">
         <path>C:\ti\ccsv6\tools\compiler\ti-cgt-arm_15.12.1.LTS\lib\</path>
         <kind>archive</kind>
         <file>rtsv7M4_T_le_eabi.lib</file>
         <name>fs_tod_t2.obj</name>
      </input_file>
      <input_file id="fl-ce">
         <path>C:\ti\ccsv6\tools\compiler\ti-cgt-arm_15.12.1.LTS\lib\</path>
         <kind>archive</kind>
         <file>rtsv7M4_T_le_eabi.lib</file>
         <name>memcmp.obj</name>
      </input_file>
      <input_file id="fl-cf">
         <path>C:\ti\ccsv6\tools\compiler\ti-cgt-arm_15.12.1.LTS\lib\</path>
         <kind>archive</kind>
         <file>rtsv7M4_T_le_eabi.lib</file>
         <name>memcpy_t2.obj</name>
      </input_file>
      <input_file id="fl-d0">
         <path>C:\ti\ccsv6\tools\compiler\ti-cgt-arm_15.12.1.LTS\lib\</path>
         <kind>archive</kind>
         <file>rtsv7M4_T_le_eabi.lib</file>
         <name>memmov.obj</name>
      </input_file>
      <input_file id="fl-d1">
         <path>C:\ti\ccsv6\tools\compiler\ti-cgt-arm_15.12.1.LTS\lib\</path>
         <kind>archive</kind>
         <file>rtsv7M4_T_le_eabi.lib</file>
         <name>memory.obj</name>
      </input_file>
      <input_file id="fl-d2">
         <path>C:\ti\ccsv6\tools\compiler\ti-cgt-arm_15.12.1.LTS\lib\</path>
         <kind>archive</kind>
         <file>rtsv7M4_T_le_eabi.lib</file>
         <name>memset_t2.obj</name>
      </input_file>
      <input_file id="fl-d3">
         <path>C:\ti\ccsv6\tools\compiler\ti-cgt-arm_15.12.1.LTS\lib\</path>
         <kind>archive</kind>
         <file>rtsv7M4_T_le_eabi.lib</file>
         <name>mpu_init.obj</name>
      </input_file>
      <input_file id="fl-d4">
         <path>C:\ti\ccsv6\tools\compiler\ti-cgt-arm_15.12.1.LTS\lib\</path>
         <kind>archive</kind>
         <file>rtsv7M4_T_le_eabi.lib</file>
         <name>pre_init.obj</name>
      </input_file>
      <input_file id="fl-d5">
         <path>C:\ti\ccsv6\tools\compiler\ti-cgt-arm_15.12.1.LTS\lib\</path>
         <kind>archive</kind>
         <file>rtsv7M4_T_le_eabi.lib</file>
         <name>sprintf.obj</name>
      </input_file>
      <input_file id="fl-d6">
         <path>C:\ti\ccsv6\tools\compiler\ti-cgt-arm_15.12.1.LTS\lib\</path>
         <kind>archive</kind>
         <file>rtsv7M4_T_le_eabi.lib</file>
         <name>stkdepth_vars.obj</name>
      </input_file>
      <input_file id="fl-d7">
         <path>C:\ti\ccsv6\tools\compiler\ti-cgt-arm_15.12.1.LTS\lib\</path>
         <kind>archive</kind>
         <file>rtsv7M4_T_le_eabi.lib</file>
         <name>strcpy.obj</name>
      </input_file>
      <input_file id="fl-d8">
         <path>C:\ti\ccsv6\tools\compiler\ti-cgt-arm_15.12.1.LTS\lib\</path>
         <kind>archive</kind>
         <file>rtsv7M4_T_le_eabi.lib</file>
         <name>strlen.obj</name>
      </input_file>
      <input_file id="fl-d9">
         <path>C:\ti\ccsv6\tools\compiler\ti-cgt-arm_15.12.1.LTS\lib\</path>
         <kind>archive</kind>
         <file>rtsv7M4_T_le_eabi.lib</file>
         <name>strtod.obj</name>
      </input_file>
      <input_file id="fl-da">
         <path>C:\ti\ccsv6\tools\compiler\ti-cgt-arm_15.12.1.LTS\lib\</path>
         <kind>archive</kind>
         <file>rtsv7M4_T_le_eabi.lib</file>
         <name>vsnprintf.obj</name>
      </input_file>
      <input_file id="fl-db">
         <path>C:\ti\ccsv6\tools\compiler\ti-cgt-arm_15.12.1.LTS\lib\</path>
         <kind>archive</kind>
         <file>rtsv7M4_T_le_eabi.lib</file>
         <name>_lock.obj</name>
      </input_file>
      <input_file id="fl-dc">
         <path>C:\ti\ccsv6\tools\compiler\ti-cgt-arm_15.12.1.LTS\lib\</path>
         <kind>archive</kind>
         <file>rtsv7M4_T_le_eabi.lib</file>
         <name>_printfi.obj</name>
      </input_file>
      <input_file id="fl-dd">
         <path>C:\ti\ccsv6\tools\compiler\ti-cgt-arm_15.12.1.LTS\lib\</path>
         <kind>archive</kind>
         <file>rtsv7M4_T_le_eabi.lib</file>
         <name>args_main.obj</name>
      </input_file>
      <input_file id="fl-de">
         <path>C:\ti\ccsv6\tools\compiler\ti-cgt-arm_15.12.1.LTS\lib\</path>
         <kind>archive</kind>
         <file>rtsv7M4_T_le_eabi.lib</file>
         <name>atoi.obj</name>
      </input_file>
      <input_file id="fl-df">
         <path>C:\ti\ccsv6\tools\compiler\ti-cgt-arm_15.12.1.LTS\lib\</path>
         <kind>archive</kind>
         <file>rtsv7M4_T_le_eabi.lib</file>
         <name>autoinit.obj</name>
      </input_file>
      <input_file id="fl-e0">
         <path>C:\ti\ccsv6\tools\compiler\ti-cgt-arm_15.12.1.LTS\lib\</path>
         <kind>archive</kind>
         <file>rtsv7M4_T_le_eabi.lib</file>
         <name>cpy_tbl.obj</name>
      </input_file>
      <input_file id="fl-e1">
         <path>C:\ti\ccsv6\tools\compiler\ti-cgt-arm_15.12.1.LTS\lib\</path>
         <kind>archive</kind>
         <file>rtsv7M4_T_le_eabi.lib</file>
         <name>ctype.obj</name>
      </input_file>
      <input_file id="fl-e2">
         <path>C:\ti\ccsv6\tools\compiler\ti-cgt-arm_15.12.1.LTS\lib\</path>
         <kind>archive</kind>
         <file>rtsv7M4_T_le_eabi.lib</file>
         <name>errno.obj</name>
      </input_file>
      <input_file id="fl-e3">
         <path>C:\ti\ccsv6\tools\compiler\ti-cgt-arm_15.12.1.LTS\lib\</path>
         <kind>archive</kind>
         <file>rtsv7M4_T_le_eabi.lib</file>
         <name>fd_add_t2.obj</name>
      </input_file>
      <input_file id="fl-e4">
         <path>C:\ti\ccsv6\tools\compiler\ti-cgt-arm_15.12.1.LTS\lib\</path>
         <kind>archive</kind>
         <file>rtsv7M4_T_le_eabi.lib</file>
         <name>fd_cmp_t2.obj</name>
      </input_file>
      <input_file id="fl-e5">
         <path>C:\ti\ccsv6\tools\compiler\ti-cgt-arm_15.12.1.LTS\lib\</path>
         <kind>archive</kind>
         <file>rtsv7M4_T_le_eabi.lib</file>
         <name>fd_div_t2.obj</name>
      </input_file>
      <input_file id="fl-e6">
         <path>C:\ti\ccsv6\tools\compiler\ti-cgt-arm_15.12.1.LTS\lib\</path>
         <kind>archive</kind>
         <file>rtsv7M4_T_le_eabi.lib</file>
         <name>fd_mul_t2.obj</name>
      </input_file>
      <input_file id="fl-e7">
         <path>C:\ti\ccsv6\tools\compiler\ti-cgt-arm_15.12.1.LTS\lib\</path>
         <kind>archive</kind>
         <file>rtsv7M4_T_le_eabi.lib</file>
         <name>fd_toi_t2.obj</name>
      </input_file>
      <input_file id="fl-e8">
         <path>C:\ti\ccsv6\tools\compiler\ti-cgt-arm_15.12.1.LTS\lib\</path>
         <kind>archive</kind>
         <file>rtsv7M4_T_le_eabi.lib</file>
         <name>i_tofd_t2.obj</name>
      </input_file>
      <input_file id="fl-e9">
         <path>C:\ti\ccsv6\tools\compiler\ti-cgt-arm_15.12.1.LTS\lib\</path>
         <kind>archive</kind>
         <file>rtsv7M4_T_le_eabi.lib</file>
         <name>ltoa.obj</name>
      </input_file>
      <input_file id="fl-ea">
         <path>C:\ti\ccsv6\tools\compiler\ti-cgt-arm_15.12.1.LTS\lib\</path>
         <kind>archive</kind>
         <file>rtsv7M4_T_le_eabi.lib</file>
         <name>memccpy.obj</name>
      </input_file>
      <input_file id="fl-eb">
         <path>C:\ti\ccsv6\tools\compiler\ti-cgt-arm_15.12.1.LTS\lib\</path>
         <kind>archive</kind>
         <file>rtsv7M4_T_le_eabi.lib</file>
         <name>s_frexp.obj</name>
      </input_file>
      <input_file id="fl-ec">
         <path>C:\ti\ccsv6\tools\compiler\ti-cgt-arm_15.12.1.LTS\lib\</path>
         <kind>archive</kind>
         <file>rtsv7M4_T_le_eabi.lib</file>
         <name>s_scalbn.obj</name>
      </input_file>
      <input_file id="fl-ed">
         <path>C:\ti\ccsv6\tools\compiler\ti-cgt-arm_15.12.1.LTS\lib\</path>
         <kind>archive</kind>
         <file>rtsv7M4_T_le_eabi.lib</file>
         <name>startup.obj</name>
      </input_file>
      <input_file id="fl-ee">
         <path>C:\ti\ccsv6\tools\compiler\ti-cgt-arm_15.12.1.LTS\lib\</path>
         <kind>archive</kind>
         <file>rtsv7M4_T_le_eabi.lib</file>
         <name>strchr.obj</name>
      </input_file>
      <input_file id="fl-ef">
         <path>C:\ti\ccsv6\tools\compiler\ti-cgt-arm_15.12.1.LTS\lib\</path>
         <kind>archive</kind>
         <file>rtsv7M4_T_le_eabi.lib</file>
         <name>ull_div_t2.obj</name>
      </input_file>
      <input_file id="fl-f0">
         <path>C:\ti\ccsv6\tools\compiler\ti-cgt-arm_15.12.1.LTS\lib\</path>
         <kind>archive</kind>
         <file>rtsv7M4_T_le_eabi.lib</file>
         <name>s_copysign.obj</name>
      </input_file>
      <input_file id="fl-f1">
         <path>C:\ti\CC3200SDK_1.2.0\cc3200-sdk\simplelink\ccs\OS\</path>
         <kind>archive</kind>
         <file>simplelink.a</file>
         <name>device.obj</name>
      </input_file>
      <input_file id="fl-f2">
         <path>C:\ti\CC3200SDK_1.2.0\cc3200-sdk\simplelink\ccs\OS\</path>
         <kind>archive</kind>
         <file>simplelink.a</file>
         <name>driver.obj</name>
      </input_file>
      <input_file id="fl-f3">
         <path>C:\ti\CC3200SDK_1.2.0\cc3200-sdk\simplelink\ccs\OS\</path>
         <kind>archive</kind>
         <file>simplelink.a</file>
         <name>netapp.obj</name>
      </input_file>
      <input_file id="fl-f4">
         <path>C:\ti\CC3200SDK_1.2.0\cc3200-sdk\simplelink\ccs\OS\</path>
         <kind>archive</kind>
         <file>simplelink.a</file>
         <name>netcfg.obj</name>
      </input_file>
      <input_file id="fl-f5">
         <path>C:\ti\CC3200SDK_1.2.0\cc3200-sdk\simplelink\ccs\OS\</path>
         <kind>archive</kind>
         <file>simplelink.a</file>
         <name>socket.obj</name>
      </input_file>
      <input_file id="fl-f6">
         <path>C:\ti\CC3200SDK_1.2.0\cc3200-sdk\simplelink\ccs\OS\</path>
         <kind>archive</kind>
         <file>simplelink.a</file>
         <name>wlan.obj</name>
      </input_file>
      <input_file id="fl-f7">
         <path>C:\ti\CC3200SDK_1.2.0\cc3200-sdk\simplelink\ccs\OS\</path>
         <kind>archive</kind>
         <file>simplelink.a</file>
         <name>cc_pal.obj</name>
      </input_file>
      <input_file id="fl-f8">
         <path>C:\ti\CC3200SDK_1.2.0\cc3200-sdk\driverlib\ccs\Release\</path>
         <kind>archive</kind>
         <file>driverlib.a</file>
         <name>gpio.obj</name>
      </input_file>
      <input_file id="fl-f9">
         <path>C:\ti\CC3200SDK_1.2.0\cc3200-sdk\driverlib\ccs\Release\</path>
         <kind>archive</kind>
         <file>driverlib.a</file>
         <name>interrupt.obj</name>
      </input_file>
      <input_file id="fl-fa">
         <path>C:\ti\CC3200SDK_1.2.0\cc3200-sdk\driverlib\ccs\Release\</path>
         <kind>archive</kind>
         <file>driverlib.a</file>
         <name>pin.obj</name>
      </input_file>
      <input_file id="fl-fb">
         <path>C:\ti\CC3200SDK_1.2.0\cc3200-sdk\driverlib\ccs\Release\</path>
         <kind>archive</kind>
         <file>driverlib.a</file>
         <name>prcm.obj</name>
      </input_file>
      <input_file id="fl-fc">
         <path>C:\ti\CC3200SDK_1.2.0\cc3200-sdk\driverlib\ccs\Release\</path>
         <kind>archive</kind>
         <file>driverlib.a</file>
         <name>spi.obj</name>
      </input_file>
      <input_file id="fl-fd">
         <path>C:\ti\CC3200SDK_1.2.0\cc3200-sdk\driverlib\ccs\Release\</path>
         <kind>archive</kind>
         <file>driverlib.a</file>
         <name>uart.obj</name>
      </input_file>
      <input_file id="fl-fe">
         <path>C:\ti\CC3200SDK_1.2.0\cc3200-sdk\driverlib\ccs\Release\</path>
         <kind>archive</kind>
         <file>driverlib.a</file>
         <name>udma.obj</name>
      </input_file>
      <input_file id="fl-ff">
         <path>C:\ti\CC3200SDK_1.2.0\cc3200-sdk\driverlib\ccs\Release\</path>
         <kind>archive</kind>
         <file>driverlib.a</file>
         <name>utils.obj</name>
      </input_file>
      <input_file id="fl-100">
         <path>C:\ti\CC3200SDK_1.2.0\cc3200-sdk\driverlib\ccs\Release\</path>
         <kind>archive</kind>
         <file>driverlib.a</file>
         <name>cpu.obj</name>
      </input_file>
      <input_file id="fl-101">
         <path>C:\ti\CC3200SDK_1.2.0\cc3200-sdk\driverlib\ccs\Release\</path>
         <kind>archive</kind>
         <file>driverlib.a</file>
         <name>flash.obj</name>
      </input_file>
      <input_file id="fl-102">
         <path>C:\ti\CC3200SDK_1.2.0\cc3200-sdk\oslib\ccs\free_rtos\</path>
         <kind>archive</kind>
         <file>free_rtos.a</file>
         <name>osi_freertos.obj</name>
      </input_file>
      <input_file id="fl-103">
         <path>C:\ti\CC3200SDK_1.2.0\cc3200-sdk\oslib\ccs\free_rtos\</path>
         <kind>archive</kind>
         <file>free_rtos.a</file>
         <name>port.obj</name>
      </input_file>
      <input_file id="fl-104">
         <path>C:\ti\CC3200SDK_1.2.0\cc3200-sdk\oslib\ccs\free_rtos\</path>
         <kind>archive</kind>
         <file>free_rtos.a</file>
         <name>portasm.obj</name>
      </input_file>
      <input_file id="fl-105">
         <path>C:\ti\CC3200SDK_1.2.0\cc3200-sdk\oslib\ccs\free_rtos\</path>
         <kind>archive</kind>
         <file>free_rtos.a</file>
         <name>queue.obj</name>
      </input_file>
      <input_file id="fl-106">
         <path>C:\ti\CC3200SDK_1.2.0\cc3200-sdk\oslib\ccs\free_rtos\</path>
         <kind>archive</kind>
         <file>free_rtos.a</file>
         <name>tasks.obj</name>
      </input_file>
      <input_file id="fl-107">
         <path>C:\ti\CC3200SDK_1.2.0\cc3200-sdk\oslib\ccs\free_rtos\</path>
         <kind>archive</kind>
         <file>free_rtos.a</file>
         <name>heap_3.obj</name>
      </input_file>
      <input_file id="fl-108">
         <path>C:\ti\CC3200SDK_1.2.0\cc3200-sdk\oslib\ccs\free_rtos\</path>
         <kind>archive</kind>
         <file>free_rtos.a</file>
         <name>list.obj</name>
      </input_file>
   </input_file_list>
   <object_component_list>
      <object_component id="oc-f">
         <name>.intvecs</name>
         <load_address>0x20004000</load_address>
         <run_address>0x20004000</run_address>
         <size>0x400</size>
         <input_file_ref idref="fl-8"/>
      </object_component>
      <object_component id="oc-8d">
         <name>.text</name>
         <load_address>0x20004400</load_address>
         <run_address>0x20004400</run_address>
         <size>0x125c</size>
         <input_file_ref idref="fl-106"/>
      </object_component>
      <object_component id="oc-2bf">
         <name>.text</name>
         <load_address>0x2000565c</load_address>
         <run_address>0x2000565c</run_address>
         <size>0x10fc</size>
         <input_file_ref idref="fl-dc"/>
      </object_component>
      <object_component id="oc-d0">
         <name>.text</name>
         <load_address>0x20006758</load_address>
         <run_address>0x20006758</run_address>
         <size>0xfa4</size>
         <input_file_ref idref="fl-4"/>
      </object_component>
      <object_component id="oc-3ca">
         <name>.text</name>
         <load_address>0x200076fc</load_address>
         <run_address>0x200076fc</run_address>
         <size>0xb24</size>
         <input_file_ref idref="fl-105"/>
      </object_component>
      <object_component id="oc-691">
         <name>.text:_SlDrvMsgRead</name>
         <load_address>0x20008220</load_address>
         <run_address>0x20008220</run_address>
         <size>0x590</size>
         <input_file_ref idref="fl-f2"/>
      </object_component>
      <object_component id="oc-1cf">
         <name>.text</name>
         <load_address>0x200087b0</load_address>
         <run_address>0x200087b0</run_address>
         <size>0x45c</size>
         <input_file_ref idref="fl-102"/>
      </object_component>
      <object_component id="oc-250">
         <name>.text</name>
         <load_address>0x20008c0c</load_address>
         <run_address>0x20008c0c</run_address>
         <size>0x3dc</size>
         <input_file_ref idref="fl-d1"/>
      </object_component>
      <object_component id="oc-1c9">
         <name>.text</name>
         <load_address>0x20008fe8</load_address>
         <run_address>0x20008fe8</run_address>
         <size>0x394</size>
         <input_file_ref idref="fl-3"/>
      </object_component>
      <object_component id="oc-12d">
         <name>.text</name>
         <load_address>0x2000937c</load_address>
         <run_address>0x2000937c</run_address>
         <size>0x290</size>
         <input_file_ref idref="fl-9"/>
      </object_component>
      <object_component id="oc-2c9">
         <name>.text</name>
         <load_address>0x2000960c</load_address>
         <run_address>0x2000960c</run_address>
         <size>0x238</size>
         <input_file_ref idref="fl-d9"/>
      </object_component>
      <object_component id="oc-6ce">
         <name>.text:_SlDrvRxHdrRead</name>
         <load_address>0x20009844</load_address>
         <run_address>0x20009844</run_address>
         <size>0x1fc</size>
         <input_file_ref idref="fl-f2"/>
      </object_component>
      <object_component id="oc-468">
         <name>.text</name>
         <load_address>0x20009a40</load_address>
         <run_address>0x20009a40</run_address>
         <size>0x1f4</size>
         <input_file_ref idref="fl-ef"/>
      </object_component>
      <object_component id="oc-308">
         <name>.text:_SlDrvReleasePoolObj</name>
         <load_address>0x20009c34</load_address>
         <run_address>0x20009c34</run_address>
         <size>0x1d0</size>
         <input_file_ref idref="fl-f2"/>
      </object_component>
      <object_component id="oc-491">
         <name>.text</name>
         <load_address>0x20009e04</load_address>
         <run_address>0x20009e04</run_address>
         <size>0x1b6</size>
         <input_file_ref idref="fl-e3"/>
      </object_component>
      <object_component id="oc-5dd">
         <name>.text:IntDefaultHandler</name>
         <load_address>0x20009fba</load_address>
         <run_address>0x20009fba</run_address>
         <size>0x2</size>
         <input_file_ref idref="fl-f9"/>
      </object_component>
      <object_component id="oc-59f">
         <name>.text:_SlDrvMsgWrite</name>
         <load_address>0x20009fbc</load_address>
         <run_address>0x20009fbc</run_address>
         <size>0x19c</size>
         <input_file_ref idref="fl-f2"/>
      </object_component>
      <object_component id="oc-2de">
         <name>.text:_SlDrvDriverCBInit</name>
         <load_address>0x2000a158</load_address>
         <run_address>0x2000a158</run_address>
         <size>0x190</size>
         <input_file_ref idref="fl-f2"/>
      </object_component>
      <object_component id="oc-534">
         <name>.text:_SlDrvWaitForPoolObj</name>
         <load_address>0x2000a2e8</load_address>
         <run_address>0x2000a2e8</run_address>
         <size>0x190</size>
         <input_file_ref idref="fl-f2"/>
      </object_component>
      <object_component id="oc-1f5">
         <name>.text:PRCMCC3200MCUInit</name>
         <load_address>0x2000a478</load_address>
         <run_address>0x2000a478</run_address>
         <size>0x178</size>
         <input_file_ref idref="fl-fb"/>
      </object_component>
      <object_component id="oc-6e0">
         <name>.text:_SlFindAndSetActiveObj</name>
         <load_address>0x2000a5f0</load_address>
         <run_address>0x2000a5f0</run_address>
         <size>0x170</size>
         <input_file_ref idref="fl-f2"/>
      </object_component>
      <object_component id="oc-2e4">
         <name>.text:spi_Open</name>
         <load_address>0x2000a760</load_address>
         <run_address>0x2000a760</run_address>
         <size>0x150</size>
         <input_file_ref idref="fl-f7"/>
      </object_component>
      <object_component id="oc-477">
         <name>.text</name>
         <load_address>0x2000a8b0</load_address>
         <run_address>0x2000a8b0</run_address>
         <size>0x136</size>
         <input_file_ref idref="fl-e5"/>
      </object_component>
      <object_component id="oc-ef">
         <name>.text</name>
         <load_address>0x2000a9e6</load_address>
         <run_address>0x2000a9e6</run_address>
         <size>0x12a</size>
         <input_file_ref idref="fl-108"/>
      </object_component>
      <object_component id="oc-5a5">
         <name>.text:_SlDrvMsgReadCmdCtx</name>
         <load_address>0x2000ab10</load_address>
         <run_address>0x2000ab10</run_address>
         <size>0x120</size>
         <input_file_ref idref="fl-f2"/>
      </object_component>
      <object_component id="oc-342">
         <name>.text:_SlDrvDriverCBDeinit</name>
         <load_address>0x2000ac30</load_address>
         <run_address>0x2000ac30</run_address>
         <size>0x118</size>
         <input_file_ref idref="fl-f2"/>
      </object_component>
      <object_component id="oc-38">
         <name>.text</name>
         <load_address>0x2000ad48</load_address>
         <run_address>0x2000ad48</run_address>
         <size>0x110</size>
         <input_file_ref idref="fl-103"/>
      </object_component>
      <object_component id="oc-71c">
         <name>.text:_SlDrvNetAppEventHandler</name>
         <load_address>0x2000ae58</load_address>
         <run_address>0x2000ae58</run_address>
         <size>0x104</size>
         <input_file_ref idref="fl-f3"/>
      </object_component>
      <object_component id="oc-472">
         <name>.text</name>
         <load_address>0x2000af5c</load_address>
         <run_address>0x2000af5c</run_address>
         <size>0xfc</size>
         <input_file_ref idref="fl-e6"/>
      </object_component>
      <object_component id="oc-799">
         <name>.text:uDMAChannelTransferSet</name>
         <load_address>0x2000b058</load_address>
         <run_address>0x2000b058</run_address>
         <size>0xf0</size>
         <input_file_ref idref="fl-fe"/>
      </object_component>
      <object_component id="oc-697">
         <name>.text:_SlAsyncEventGenericHandler</name>
         <load_address>0x2000b148</load_address>
         <run_address>0x2000b148</run_address>
         <size>0xe8</size>
         <input_file_ref idref="fl-f2"/>
      </object_component>
      <object_component id="oc-1d5">
         <name>.text</name>
         <load_address>0x2000b230</load_address>
         <run_address>0x2000b230</run_address>
         <size>0xe8</size>
         <input_file_ref idref="fl-7"/>
      </object_component>
      <object_component id="oc-180">
         <name>.text:sl_Stop</name>
         <load_address>0x2000b318</load_address>
         <run_address>0x2000b318</run_address>
         <size>0xe4</size>
         <input_file_ref idref="fl-f1"/>
      </object_component>
      <object_component id="oc-174">
         <name>.text:sl_Start</name>
         <load_address>0x2000b3fc</load_address>
         <run_address>0x2000b3fc</run_address>
         <size>0xe0</size>
         <input_file_ref idref="fl-f1"/>
      </object_component>
      <object_component id="oc-6d4">
         <name>.text:_SlDrvClassifyRxMsg</name>
         <load_address>0x2000b4dc</load_address>
         <run_address>0x2000b4dc</run_address>
         <size>0xdc</size>
         <input_file_ref idref="fl-f2"/>
      </object_component>
      <object_component id="oc-6da">
         <name>.text:spi_Read</name>
         <load_address>0x2000b5b8</load_address>
         <run_address>0x2000b5b8</run_address>
         <size>0xdc</size>
         <input_file_ref idref="fl-f7"/>
      </object_component>
      <object_component id="oc-58a">
         <name>.text:_SlDrvMsgReadSpawnCtx</name>
         <load_address>0x2000b694</load_address>
         <run_address>0x2000b694</run_address>
         <size>0xd4</size>
         <input_file_ref idref="fl-f2"/>
      </object_component>
      <object_component id="oc-49c">
         <name>.text</name>
         <load_address>0x2000b768</load_address>
         <run_address>0x2000b768</run_address>
         <size>0xd0</size>
         <input_file_ref idref="fl-ec"/>
      </object_component>
      <object_component id="oc-75d">
         <name>.text:_sl_HandleAsync_DnsGetHostByService</name>
         <load_address>0x2000b838</load_address>
         <run_address>0x2000b838</run_address>
         <size>0xcc</size>
         <input_file_ref idref="fl-f3"/>
      </object_component>
      <object_component id="oc-370">
         <name>.text:sl_NetAppMDNSRegisterUnregisterService</name>
         <load_address>0x2000b904</load_address>
         <run_address>0x2000b904</run_address>
         <size>0xc8</size>
         <input_file_ref idref="fl-f3"/>
      </object_component>
      <object_component id="oc-563">
         <name>.text:_SlRemoveFromList</name>
         <load_address>0x2000b9cc</load_address>
         <run_address>0x2000b9cc</run_address>
         <size>0xc4</size>
         <input_file_ref idref="fl-f2"/>
      </object_component>
      <object_component id="oc-32c">
         <name>.text:_SlDrvCmdOp</name>
         <load_address>0x2000ba90</load_address>
         <run_address>0x2000ba90</run_address>
         <size>0xc0</size>
         <input_file_ref idref="fl-f2"/>
      </object_component>
      <object_component id="oc-33">
         <name>.text</name>
         <load_address>0x2000bb50</load_address>
         <run_address>0x2000bb50</run_address>
         <size>0xba</size>
         <input_file_ref idref="fl-104"/>
      </object_component>
      <object_component id="oc-66">
         <name>.text</name>
         <load_address>0x2000bc0a</load_address>
         <run_address>0x2000bc0a</run_address>
         <size>0x2</size>
         <input_file_ref idref="fl-d3"/>
      </object_component>
      <object_component id="oc-186">
         <name>.text:sl_DevGet</name>
         <load_address>0x2000bc0c</load_address>
         <run_address>0x2000bc0c</run_address>
         <size>0xb4</size>
         <input_file_ref idref="fl-f1"/>
      </object_component>
      <object_component id="oc-1c3">
         <name>.text:sl_WlanGet</name>
         <load_address>0x2000bcc0</load_address>
         <run_address>0x2000bcc0</run_address>
         <size>0xb4</size>
         <input_file_ref idref="fl-f6"/>
      </object_component>
      <object_component id="oc-3be">
         <name>.text:IntDisable</name>
         <load_address>0x2000bd74</load_address>
         <run_address>0x2000bd74</run_address>
         <size>0xa8</size>
         <input_file_ref idref="fl-f9"/>
      </object_component>
      <object_component id="oc-1ef">
         <name>.text:IntEnable</name>
         <load_address>0x2000be1c</load_address>
         <run_address>0x2000be1c</run_address>
         <size>0xa8</size>
         <input_file_ref idref="fl-f9"/>
      </object_component>
      <object_component id="oc-3da">
         <name>.text:sl_WlanSmartConfigStart</name>
         <load_address>0x2000bec4</load_address>
         <run_address>0x2000bec4</run_address>
         <size>0xa8</size>
         <input_file_ref idref="fl-f6"/>
      </object_component>
      <object_component id="oc-4ef">
         <name>.text:SPIConfigSetExpClk</name>
         <load_address>0x2000bf6c</load_address>
         <run_address>0x2000bf6c</run_address>
         <size>0xa0</size>
         <input_file_ref idref="fl-fc"/>
      </object_component>
      <object_component id="oc-55c">
         <name>.text:_SlDriverHandleError</name>
         <load_address>0x2000c00c</load_address>
         <run_address>0x2000c00c</run_address>
         <size>0xa0</size>
         <input_file_ref idref="fl-f2"/>
      </object_component>
      <object_component id="oc-41">
         <name>.text</name>
         <load_address>0x2000c0ac</load_address>
         <run_address>0x2000c0ac</run_address>
         <size>0x9c</size>
         <input_file_ref idref="fl-cf"/>
      </object_component>
      <object_component id="oc-704">
         <name>.text:_SlDrvDeviceEventHandler</name>
         <load_address>0x2000c148</load_address>
         <run_address>0x2000c148</run_address>
         <size>0x9a</size>
         <input_file_ref idref="fl-f1"/>
      </object_component>
      <object_component id="oc-c8">
         <name>.text</name>
         <load_address>0x2000c1e2</load_address>
         <run_address>0x2000c1e2</run_address>
         <size>0x2</size>
         <input_file_ref idref="fl-ed"/>
      </object_component>
      <object_component id="oc-20d">
         <name>.text:PRCMPeripheralClockGet</name>
         <load_address>0x2000c1e4</load_address>
         <run_address>0x2000c1e4</run_address>
         <size>0x94</size>
         <input_file_ref idref="fl-fb"/>
      </object_component>
      <object_component id="oc-757">
         <name>.text:_sl_HandleAsync_DnsGetHostByName</name>
         <load_address>0x2000c278</load_address>
         <run_address>0x2000c278</run_address>
         <size>0x90</size>
         <input_file_ref idref="fl-f3"/>
      </object_component>
      <object_component id="oc-722">
         <name>.text:_sl_HandleAsync_PingResponse</name>
         <load_address>0x2000c308</load_address>
         <run_address>0x2000c308</run_address>
         <size>0x90</size>
         <input_file_ref idref="fl-f3"/>
      </object_component>
      <object_component id="oc-729">
         <name>.text:SetupDMAReceive</name>
         <load_address>0x2000c398</load_address>
         <run_address>0x2000c398</run_address>
         <size>0x8c</size>
         <input_file_ref idref="fl-f7"/>
      </object_component>
      <object_component id="oc-6eb">
         <name>.text:SetupDMASend</name>
         <load_address>0x2000c424</load_address>
         <run_address>0x2000c424</run_address>
         <size>0x8c</size>
         <input_file_ref idref="fl-f7"/>
      </object_component>
      <object_component id="oc-6a0">
         <name>.text:spi_Write</name>
         <load_address>0x2000c4b0</load_address>
         <run_address>0x2000c4b0</run_address>
         <size>0x8c</size>
         <input_file_ref idref="fl-f7"/>
      </object_component>
      <object_component id="oc-201">
         <name>.text:PinConfigSet</name>
         <load_address>0x2000c53c</load_address>
         <run_address>0x2000c53c</run_address>
         <size>0x88</size>
         <input_file_ref idref="fl-fa"/>
      </object_component>
      <object_component id="oc-27b">
         <name>.text</name>
         <load_address>0x2000c5c4</load_address>
         <run_address>0x2000c5c4</run_address>
         <size>0x88</size>
         <input_file_ref idref="fl-da"/>
      </object_component>
      <object_component id="oc-46d">
         <name>.text:__aeabi_cdcmple</name>
         <load_address>0x2000c64c</load_address>
         <run_address>0x2000c64c</run_address>
         <size>0x86</size>
         <input_file_ref idref="fl-e4"/>
      </object_component>
      <object_component id="oc-47c">
         <name>.text:__aeabi_cdrcmple</name>
         <load_address>0x2000c6d2</load_address>
         <run_address>0x2000c6d2</run_address>
         <size>0x86</size>
         <input_file_ref idref="fl-e4"/>
      </object_component>
      <object_component id="oc-1fb">
         <name>.text</name>
         <load_address>0x2000c758</load_address>
         <run_address>0x2000c758</run_address>
         <size>0x84</size>
         <input_file_ref idref="fl-6"/>
      </object_component>
      <object_component id="oc-388">
         <name>.text:GPIOIntTypeSet</name>
         <load_address>0x2000c7dc</load_address>
         <run_address>0x2000c7dc</run_address>
         <size>0x82</size>
         <input_file_ref idref="fl-f8"/>
      </object_component>
      <object_component id="oc-77f">
         <name>.text:_sl_HandleAsync_Connect</name>
         <load_address>0x2000c860</load_address>
         <run_address>0x2000c860</run_address>
         <size>0x80</size>
         <input_file_ref idref="fl-f5"/>
      </object_component>
      <object_component id="oc-746">
         <name>.text:_sl_HandleAsync_InitComplete</name>
         <load_address>0x2000c8e0</load_address>
         <run_address>0x2000c8e0</run_address>
         <size>0x80</size>
         <input_file_ref idref="fl-f1"/>
      </object_component>
      <object_component id="oc-72f">
         <name>.text:spi_Read_CPU</name>
         <load_address>0x2000c960</load_address>
         <run_address>0x2000c960</run_address>
         <size>0x80</size>
         <input_file_ref idref="fl-f7"/>
      </object_component>
      <object_component id="oc-6fd">
         <name>.text:spi_Write_CPU</name>
         <load_address>0x2000c9e0</load_address>
         <run_address>0x2000c9e0</run_address>
         <size>0x80</size>
         <input_file_ref idref="fl-f7"/>
      </object_component>
      <object_component id="oc-1dd">
         <name>.text:sl_NetAppSet</name>
         <load_address>0x2000ca60</load_address>
         <run_address>0x2000ca60</run_address>
         <size>0x7c</size>
         <input_file_ref idref="fl-f3"/>
      </object_component>
      <object_component id="oc-198">
         <name>.text:sl_NetCfgSet</name>
         <load_address>0x2000cadc</load_address>
         <run_address>0x2000cadc</run_address>
         <size>0x7c</size>
         <input_file_ref idref="fl-f4"/>
      </object_component>
      <object_component id="oc-19e">
         <name>.text:sl_WlanSet</name>
         <load_address>0x2000cb58</load_address>
         <run_address>0x2000cb58</run_address>
         <size>0x7c</size>
         <input_file_ref idref="fl-f6"/>
      </object_component>
      <object_component id="oc-5a">
         <name>.text</name>
         <load_address>0x2000cbd4</load_address>
         <run_address>0x2000cbd4</run_address>
         <size>0x7a</size>
         <input_file_ref idref="fl-d2"/>
      </object_component>
      <object_component id="oc-18c">
         <name>.text:sl_WlanPolicySet</name>
         <load_address>0x2000cc50</load_address>
         <run_address>0x2000cc50</run_address>
         <size>0x78</size>
         <input_file_ref idref="fl-f6"/>
      </object_component>
      <object_component id="oc-33c">
         <name>.text:spi_Close</name>
         <load_address>0x2000ccc8</load_address>
         <run_address>0x2000ccc8</run_address>
         <size>0x78</size>
         <input_file_ref idref="fl-f7"/>
      </object_component>
      <object_component id="oc-213">
         <name>.text:UARTConfigSetExpClk</name>
         <load_address>0x2000cd40</load_address>
         <run_address>0x2000cd40</run_address>
         <size>0x76</size>
         <input_file_ref idref="fl-fd"/>
      </object_component>
      <object_component id="oc-72">
         <name>.text</name>
         <load_address>0x2000cdb8</load_address>
         <run_address>0x2000cdb8</run_address>
         <size>0x70</size>
         <input_file_ref idref="fl-df"/>
      </object_component>
      <object_component id="oc-15d">
         <name>.text</name>
         <load_address>0x2000ce28</load_address>
         <run_address>0x2000ce28</run_address>
         <size>0x6e</size>
         <input_file_ref idref="fl-cc"/>
      </object_component>
      <object_component id="oc-7b1">
         <name>.text:_SlDrvCmdSend</name>
         <load_address>0x2000ce98</load_address>
         <run_address>0x2000ce98</run_address>
         <size>0x6c</size>
         <input_file_ref idref="fl-f2"/>
      </object_component>
      <object_component id="oc-769">
         <name>.text:_sl_NetAppSendTokenValue</name>
         <load_address>0x2000cf04</load_address>
         <run_address>0x2000cf04</run_address>
         <size>0x6c</size>
         <input_file_ref idref="fl-f3"/>
      </object_component>
      <object_component id="oc-1aa">
         <name>.text:sl_WlanRxFilterSet</name>
         <load_address>0x2000cf70</load_address>
         <run_address>0x2000cf70</run_address>
         <size>0x6c</size>
         <input_file_ref idref="fl-f6"/>
      </object_component>
      <object_component id="oc-4d">
         <name>.text</name>
         <load_address>0x2000cfdc</load_address>
         <run_address>0x2000cfdc</run_address>
         <size>0x6a</size>
         <input_file_ref idref="fl-c9"/>
      </object_component>
      <object_component id="oc-779">
         <name>.text:_sl_HandleAsync_Accept</name>
         <load_address>0x2000d048</load_address>
         <run_address>0x2000d048</run_address>
         <size>0x64</size>
         <input_file_ref idref="fl-f5"/>
      </object_component>
      <object_component id="oc-65c">
         <name>.text:uDMAChannelAttributeDisable</name>
         <load_address>0x2000d0ac</load_address>
         <run_address>0x2000d0ac</run_address>
         <size>0x64</size>
         <input_file_ref idref="fl-fe"/>
      </object_component>
      <object_component id="oc-793">
         <name>.text:uDMAChannelAttributeEnable</name>
         <load_address>0x2000d110</load_address>
         <run_address>0x2000d110</run_address>
         <size>0x64</size>
         <input_file_ref idref="fl-fe"/>
      </object_component>
      <object_component id="oc-14b">
         <name>.text</name>
         <load_address>0x2000d174</load_address>
         <run_address>0x2000d174</run_address>
         <size>0x60</size>
         <input_file_ref idref="fl-d5"/>
      </object_component>
      <object_component id="oc-496">
         <name>.text</name>
         <load_address>0x2000d1d4</load_address>
         <run_address>0x2000d1d4</run_address>
         <size>0x5c</size>
         <input_file_ref idref="fl-eb"/>
      </object_component>
      <object_component id="oc-54e">
         <name>.text:IntPendClear</name>
         <load_address>0x2000d230</load_address>
         <run_address>0x2000d230</run_address>
         <size>0x58</size>
         <input_file_ref idref="fl-f9"/>
      </object_component>
      <object_component id="oc-207">
         <name>.text:PRCMPeripheralReset</name>
         <load_address>0x2000d288</load_address>
         <run_address>0x2000d288</run_address>
         <size>0x58</size>
         <input_file_ref idref="fl-fb"/>
      </object_component>
      <object_component id="oc-486">
         <name>.text</name>
         <load_address>0x2000d2e0</load_address>
         <run_address>0x2000d2e0</run_address>
         <size>0x56</size>
         <input_file_ref idref="fl-e9"/>
      </object_component>
      <object_component id="oc-3b8">
         <name>.text:IntPrioritySet</name>
         <load_address>0x2000d338</load_address>
         <run_address>0x2000d338</run_address>
         <size>0x54</size>
         <input_file_ref idref="fl-f9"/>
      </object_component>
      <object_component id="oc-785">
         <name>.text:_sl_HandleAsync_Select</name>
         <load_address>0x2000d38c</load_address>
         <run_address>0x2000d38c</run_address>
         <size>0x54</size>
         <input_file_ref idref="fl-f5"/>
      </object_component>
      <object_component id="oc-7e">
         <name>.text</name>
         <load_address>0x2000d3e0</load_address>
         <run_address>0x2000d3e0</run_address>
         <size>0x54</size>
         <input_file_ref idref="fl-cb"/>
      </object_component>
      <object_component id="oc-31a">
         <name>.text:_SlDrvRxIrqHandler</name>
         <load_address>0x2000d434</load_address>
         <run_address>0x2000d434</run_address>
         <size>0x50</size>
         <input_file_ref idref="fl-f2"/>
      </object_component>
      <object_component id="oc-74c">
         <name>.text:_sl_HandleAsync_Stop</name>
         <load_address>0x2000d484</load_address>
         <run_address>0x2000d484</run_address>
         <size>0x50</size>
         <input_file_ref idref="fl-f1"/>
      </object_component>
      <object_component id="oc-513">
         <name>.text:SPIIntEnable</name>
         <load_address>0x2000d4d4</load_address>
         <run_address>0x2000d4d4</run_address>
         <size>0x4c</size>
         <input_file_ref idref="fl-fc"/>
      </object_component>
      <object_component id="oc-2ea">
         <name>.text:_SlDrvProtectAsyncRespSetting</name>
         <load_address>0x2000d520</load_address>
         <run_address>0x2000d520</run_address>
         <size>0x4c</size>
         <input_file_ref idref="fl-f2"/>
      </object_component>
      <object_component id="oc-4ae">
         <name>.text</name>
         <load_address>0x2000d56c</load_address>
         <run_address>0x2000d56c</run_address>
         <size>0x4c</size>
         <input_file_ref idref="fl-de"/>
      </object_component>
      <object_component id="oc-c2">
         <name>.text</name>
         <load_address>0x2000d5b8</load_address>
         <run_address>0x2000d5b8</run_address>
         <size>0x4c</size>
         <input_file_ref idref="fl-e0"/>
      </object_component>
      <object_component id="oc-656">
         <name>.text:uDMAChannelAssign</name>
         <load_address>0x2000d604</load_address>
         <run_address>0x2000d604</run_address>
         <size>0x4c</size>
         <input_file_ref idref="fl-fe"/>
      </object_component>
      <object_component id="oc-672">
         <name>.text:SPIIntClear</name>
         <load_address>0x2000d650</load_address>
         <run_address>0x2000d650</run_address>
         <size>0x48</size>
         <input_file_ref idref="fl-fc"/>
      </object_component>
      <object_component id="oc-35e">
         <name>.text:_SlDrvBasicCmd</name>
         <load_address>0x2000d698</load_address>
         <run_address>0x2000d698</run_address>
         <size>0x48</size>
         <input_file_ref idref="fl-f2"/>
      </object_component>
      <object_component id="oc-481">
         <name>.text</name>
         <load_address>0x2000d6e0</load_address>
         <run_address>0x2000d6e0</run_address>
         <size>0x48</size>
         <input_file_ref idref="fl-e7"/>
      </object_component>
      <object_component id="oc-1a4">
         <name>.text:sl_NetAppMDNSUnRegisterService</name>
         <load_address>0x2000d728</load_address>
         <run_address>0x2000d728</run_address>
         <size>0x48</size>
         <input_file_ref idref="fl-f3"/>
      </object_component>
      <object_component id="oc-666">
         <name>.text:SPIDmaMaskGet</name>
         <load_address>0x2000d770</load_address>
         <run_address>0x2000d770</run_address>
         <size>0x44</size>
         <input_file_ref idref="fl-fc"/>
      </object_component>
      <object_component id="oc-7aa">
         <name>.text:_SlDrvHandleHttpServerEvents</name>
         <load_address>0x2000d7b4</load_address>
         <run_address>0x2000d7b4</run_address>
         <size>0x44</size>
         <input_file_ref idref="fl-f2"/>
      </object_component>
      <object_component id="oc-73c">
         <name>.text:cc_SetupTransfer</name>
         <load_address>0x2000d7f8</load_address>
         <run_address>0x2000d7f8</run_address>
         <size>0x44</size>
         <input_file_ref idref="fl-f7"/>
      </object_component>
      <object_component id="oc-3d4">
         <name>.text:sl_WlanProfileDel</name>
         <load_address>0x2000d83c</load_address>
         <run_address>0x2000d83c</run_address>
         <size>0x44</size>
         <input_file_ref idref="fl-f6"/>
      </object_component>
      <object_component id="oc-17a">
         <name>.text:sl_WlanSetMode</name>
         <load_address>0x2000d880</load_address>
         <run_address>0x2000d880</run_address>
         <size>0x44</size>
         <input_file_ref idref="fl-f6"/>
      </object_component>
      <object_component id="oc-5f7">
         <name>.text:PinModeSet</name>
         <load_address>0x2000d8c4</load_address>
         <run_address>0x2000d8c4</run_address>
         <size>0x40</size>
         <input_file_ref idref="fl-fa"/>
      </object_component>
      <object_component id="oc-710">
         <name>.text:_SlDrvHandleNetAppEvents</name>
         <load_address>0x2000d904</load_address>
         <run_address>0x2000d904</run_address>
         <size>0x40</size>
         <input_file_ref idref="fl-f2"/>
      </object_component>
      <object_component id="oc-70a">
         <name>.text:_SlDrvHandleWlanEvents</name>
         <load_address>0x2000d944</load_address>
         <run_address>0x2000d944</run_address>
         <size>0x40</size>
         <input_file_ref idref="fl-f2"/>
      </object_component>
      <object_component id="oc-302">
         <name>.text:_SlDrvSyncObjWaitTimeout</name>
         <load_address>0x2000d984</load_address>
         <run_address>0x2000d984</run_address>
         <size>0x40</size>
         <input_file_ref idref="fl-f2"/>
      </object_component>
      <object_component id="oc-24">
         <name>.text</name>
         <load_address>0x2000d9c4</load_address>
         <run_address>0x2000d9c4</run_address>
         <size>0x40</size>
         <input_file_ref idref="fl-c7"/>
      </object_component>
      <object_component id="oc-1bd">
         <name>.text:sl_NetAppStart</name>
         <load_address>0x2000da04</load_address>
         <run_address>0x2000da04</run_address>
         <size>0x40</size>
         <input_file_ref idref="fl-f3"/>
      </object_component>
      <object_component id="oc-1b7">
         <name>.text:sl_NetAppStop</name>
         <load_address>0x2000da44</load_address>
         <run_address>0x2000da44</run_address>
         <size>0x40</size>
         <input_file_ref idref="fl-f3"/>
      </object_component>
      <object_component id="oc-770">
         <name>.text:CopyPingResultsToReport</name>
         <load_address>0x2000da84</load_address>
         <run_address>0x2000da84</run_address>
         <size>0x3c</size>
         <input_file_ref idref="fl-f3"/>
      </object_component>
      <object_component id="oc-409">
         <name>.text:PRCMPeripheralClkEnable</name>
         <load_address>0x2000dac0</load_address>
         <run_address>0x2000dac0</run_address>
         <size>0x3c</size>
         <input_file_ref idref="fl-fb"/>
      </object_component>
      <object_component id="oc-78d">
         <name>.text:uDMAChannelControlSet</name>
         <load_address>0x2000dafc</load_address>
         <run_address>0x2000dafc</run_address>
         <size>0x3c</size>
         <input_file_ref idref="fl-fe"/>
      </object_component>
      <object_component id="oc-2f0">
         <name>.text:NwpPowerOff</name>
         <load_address>0x2000db38</load_address>
         <run_address>0x2000db38</run_address>
         <size>0x38</size>
         <input_file_ref idref="fl-f7"/>
      </object_component>
      <object_component id="oc-ff">
         <name>.text</name>
         <load_address>0x2000db70</load_address>
         <run_address>0x2000db70</run_address>
         <size>0x38</size>
         <input_file_ref idref="fl-107"/>
      </object_component>
      <object_component id="oc-146">
         <name>.text</name>
         <load_address>0x2000dba8</load_address>
         <run_address>0x2000dba8</run_address>
         <size>0x38</size>
         <input_file_ref idref="fl-cd"/>
      </object_component>
      <object_component id="oc-422">
         <name>.text:GPIODirModeSet</name>
         <load_address>0x2000dbe0</load_address>
         <run_address>0x2000dbe0</run_address>
         <size>0x36</size>
         <input_file_ref idref="fl-f8"/>
      </object_component>
      <object_component id="oc-4f5">
         <name>.text:PRCMPeripheralStatusGet</name>
         <load_address>0x2000dc18</load_address>
         <run_address>0x2000dc18</run_address>
         <size>0x34</size>
         <input_file_ref idref="fl-fb"/>
      </object_component>
      <object_component id="oc-50d">
         <name>.text:SPIFIFOLevelSet</name>
         <load_address>0x2000dc4c</load_address>
         <run_address>0x2000dc4c</run_address>
         <size>0x34</size>
         <input_file_ref idref="fl-fc"/>
      </object_component>
      <object_component id="oc-41c">
         <name>.text:PinTypeGPIO</name>
         <load_address>0x2000dc80</load_address>
         <run_address>0x2000dc80</run_address>
         <size>0x30</size>
         <input_file_ref idref="fl-fa"/>
      </object_component>
      <object_component id="oc-433">
         <name>.text:UARTDisable</name>
         <load_address>0x2000dcb0</load_address>
         <run_address>0x2000dcb0</run_address>
         <size>0x30</size>
         <input_file_ref idref="fl-fd"/>
      </object_component>
      <object_component id="oc-48c">
         <name>.text</name>
         <load_address>0x2000dce0</load_address>
         <run_address>0x2000dce0</run_address>
         <size>0x2e</size>
         <input_file_ref idref="fl-e8"/>
      </object_component>
      <object_component id="oc-525">
         <name>.text:DmaSpiSwIntHandler</name>
         <load_address>0x2000dd10</load_address>
         <run_address>0x2000dd10</run_address>
         <size>0x2c</size>
         <input_file_ref idref="fl-f7"/>
      </object_component>
      <object_component id="oc-3f7">
         <name>.text:PRCMSysResetCauseGet</name>
         <load_address>0x2000dd3c</load_address>
         <run_address>0x2000dd3c</run_address>
         <size>0x2c</size>
         <input_file_ref idref="fl-fb"/>
      </object_component>
      <object_component id="oc-40f">
         <name>.text:PRCMPeripheralClkDisable</name>
         <load_address>0x2000dd68</load_address>
         <run_address>0x2000dd68</run_address>
         <size>0x28</size>
         <input_file_ref idref="fl-fb"/>
      </object_component>
      <object_component id="oc-593">
         <name>.text:_SlDrvObjGlobalLockWaitForever</name>
         <load_address>0x2000dd90</load_address>
         <run_address>0x2000dd90</run_address>
         <size>0x28</size>
         <input_file_ref idref="fl-f2"/>
      </object_component>
      <object_component id="oc-53a">
         <name>.text:_SlDrvProtectionObjLockWaitForever</name>
         <load_address>0x2000ddb8</load_address>
         <run_address>0x2000ddb8</run_address>
         <size>0x28</size>
         <input_file_ref idref="fl-f2"/>
      </object_component>
      <object_component id="oc-2f6">
         <name>.text:NwpRegisterInterruptHandler</name>
         <load_address>0x2000dde0</load_address>
         <run_address>0x2000dde0</run_address>
         <size>0x26</size>
         <input_file_ref idref="fl-f7"/>
      </object_component>
      <object_component id="oc-582">
         <name>.text</name>
         <load_address>0x2000de06</load_address>
         <run_address>0x2000de06</run_address>
         <size>0x26</size>
         <input_file_ref idref="fl-5"/>
      </object_component>
      <object_component id="oc-3c4">
         <name>.text:IntUnregister</name>
         <load_address>0x2000de2c</load_address>
         <run_address>0x2000de2c</run_address>
         <size>0x24</size>
         <input_file_ref idref="fl-f9"/>
      </object_component>
      <object_component id="oc-439">
         <name>.text:UARTEnable</name>
         <load_address>0x2000de50</load_address>
         <run_address>0x2000de50</run_address>
         <size>0x24</size>
         <input_file_ref idref="fl-fd"/>
      </object_component>
      <object_component id="oc-599">
         <name>.text:_SlDrvGlobalObjUnLock</name>
         <load_address>0x2000de74</load_address>
         <run_address>0x2000de74</run_address>
         <size>0x24</size>
         <input_file_ref idref="fl-f2"/>
      </object_component>
      <object_component id="oc-540">
         <name>.text:_SlDrvProtectionObjUnLock</name>
         <load_address>0x2000de98</load_address>
         <run_address>0x2000de98</run_address>
         <size>0x24</size>
         <input_file_ref idref="fl-f2"/>
      </object_component>
      <object_component id="oc-681">
         <name>.text:_SlDrvSyncObjWaitForever</name>
         <load_address>0x2000debc</load_address>
         <run_address>0x2000debc</run_address>
         <size>0x24</size>
         <input_file_ref idref="fl-f2"/>
      </object_component>
      <object_component id="oc-28d">
         <name>.text</name>
         <load_address>0x2000dee0</load_address>
         <run_address>0x2000dee0</run_address>
         <size>0x24</size>
         <input_file_ref idref="fl-d0"/>
      </object_component>
      <object_component id="oc-4e9">
         <name>.text:SPIReset</name>
         <load_address>0x2000df04</load_address>
         <run_address>0x2000df04</run_address>
         <size>0x22</size>
         <input_file_ref idref="fl-fc"/>
      </object_component>
      <object_component id="oc-6f7">
         <name>.text:SPIWordCountSet</name>
         <load_address>0x2000df26</load_address>
         <run_address>0x2000df26</run_address>
         <size>0x22</size>
         <input_file_ref idref="fl-fc"/>
      </object_component>
      <object_component id="oc-140">
         <name>.text</name>
         <load_address>0x2000df48</load_address>
         <run_address>0x2000df48</run_address>
         <size>0x22</size>
         <input_file_ref idref="fl-ce"/>
      </object_component>
      <object_component id="oc-39a">
         <name>.text:GPIOPinWrite</name>
         <load_address>0x2000df6a</load_address>
         <run_address>0x2000df6a</run_address>
         <size>0x20</size>
         <input_file_ref idref="fl-f8"/>
      </object_component>
      <object_component id="oc-3b2">
         <name>.text:IntRegister</name>
         <load_address>0x2000df8c</load_address>
         <run_address>0x2000df8c</run_address>
         <size>0x20</size>
         <input_file_ref idref="fl-f9"/>
      </object_component>
      <object_component id="oc-2fc">
         <name>.text:NwpPowerOn</name>
         <load_address>0x2000dfac</load_address>
         <run_address>0x2000dfac</run_address>
         <size>0x20</size>
         <input_file_ref idref="fl-f7"/>
      </object_component>
      <object_component id="oc-192">
         <name>.text:sl_WlanDisconnect</name>
         <load_address>0x2000dfcc</load_address>
         <run_address>0x2000dfcc</run_address>
         <size>0x20</size>
         <input_file_ref idref="fl-f6"/>
      </object_component>
      <object_component id="oc-3e0">
         <name>.text:sl_WlanSmartConfigStop</name>
         <load_address>0x2000dfec</load_address>
         <run_address>0x2000dfec</run_address>
         <size>0x20</size>
         <input_file_ref idref="fl-f6"/>
      </object_component>
      <object_component id="oc-275">
         <name>.text:UARTCharPut</name>
         <load_address>0x2000e00c</load_address>
         <run_address>0x2000e00c</run_address>
         <size>0x1e</size>
         <input_file_ref idref="fl-fd"/>
      </object_component>
      <object_component id="oc-569">
         <name>.text:_SlDrvSyncObjSignal</name>
         <load_address>0x2000e02a</load_address>
         <run_address>0x2000e02a</run_address>
         <size>0x1e</size>
         <input_file_ref idref="fl-f2"/>
      </object_component>
      <object_component id="oc-4fb">
         <name>.text:cc_UDMAChannelSelect</name>
         <load_address>0x2000e048</load_address>
         <run_address>0x2000e048</run_address>
         <size>0x1e</size>
         <input_file_ref idref="fl-f7"/>
      </object_component>
      <object_component id="oc-287">
         <name>.text:UARTCharGetNonBlocking</name>
         <load_address>0x2000e066</load_address>
         <run_address>0x2000e066</run_address>
         <size>0x1c</size>
         <input_file_ref idref="fl-fd"/>
      </object_component>
      <object_component id="oc-4a8">
         <name>.text</name>
         <load_address>0x2000e082</load_address>
         <run_address>0x2000e082</run_address>
         <size>0x1c</size>
         <input_file_ref idref="fl-ea"/>
      </object_component>
      <object_component id="oc-79f">
         <name>.text:uDMAChannelEnable</name>
         <load_address>0x2000e0a0</load_address>
         <run_address>0x2000e0a0</run_address>
         <size>0x1c</size>
         <input_file_ref idref="fl-fe"/>
      </object_component>
      <object_component id="oc-394">
         <name>.text:GPIOIntEnable</name>
         <load_address>0x2000e0bc</load_address>
         <run_address>0x2000e0bc</run_address>
         <size>0x1a</size>
         <input_file_ref idref="fl-f8"/>
      </object_component>
      <object_component id="oc-416">
         <name>.text:PinTypeUART</name>
         <load_address>0x2000e0d6</load_address>
         <run_address>0x2000e0d6</run_address>
         <size>0x1a</size>
         <input_file_ref idref="fl-fa"/>
      </object_component>
      <object_component id="oc-5b6">
         <name>.text:SPIDmaDisable</name>
         <load_address>0x2000e0f0</load_address>
         <run_address>0x2000e0f0</run_address>
         <size>0x1a</size>
         <input_file_ref idref="fl-fc"/>
      </object_component>
      <object_component id="oc-507">
         <name>.text:SPIDmaEnable</name>
         <load_address>0x2000e10a</load_address>
         <run_address>0x2000e10a</run_address>
         <size>0x1a</size>
         <input_file_ref idref="fl-fc"/>
      </object_component>
      <object_component id="oc-5b0">
         <name>.text:SPIFIFODisable</name>
         <load_address>0x2000e124</load_address>
         <run_address>0x2000e124</run_address>
         <size>0x1a</size>
         <input_file_ref idref="fl-fc"/>
      </object_component>
      <object_component id="oc-501">
         <name>.text:SPIFIFOEnable</name>
         <load_address>0x2000e13e</load_address>
         <run_address>0x2000e13e</run_address>
         <size>0x1a</size>
         <input_file_ref idref="fl-fc"/>
      </object_component>
      <object_component id="oc-3a0">
         <name>.text:GPIOPinRead</name>
         <load_address>0x2000e158</load_address>
         <run_address>0x2000e158</run_address>
         <size>0x18</size>
         <input_file_ref idref="fl-f8"/>
      </object_component>
      <object_component id="oc-4dd">
         <name>.text:SPICSDisable</name>
         <load_address>0x2000e170</load_address>
         <run_address>0x2000e170</run_address>
         <size>0x18</size>
         <input_file_ref idref="fl-fc"/>
      </object_component>
      <object_component id="oc-6f1">
         <name>.text:SPICSEnable</name>
         <load_address>0x2000e188</load_address>
         <run_address>0x2000e188</run_address>
         <size>0x18</size>
         <input_file_ref idref="fl-fc"/>
      </object_component>
      <object_component id="oc-4e3">
         <name>.text:SPIDisable</name>
         <load_address>0x2000e1a0</load_address>
         <run_address>0x2000e1a0</run_address>
         <size>0x18</size>
         <input_file_ref idref="fl-fc"/>
      </object_component>
      <object_component id="oc-519">
         <name>.text:SPIEnable</name>
         <load_address>0x2000e1b8</load_address>
         <run_address>0x2000e1b8</run_address>
         <size>0x18</size>
         <input_file_ref idref="fl-fc"/>
      </object_component>
      <object_component id="oc-281">
         <name>.text:UARTCharsAvail</name>
         <load_address>0x2000e1d0</load_address>
         <run_address>0x2000e1d0</run_address>
         <size>0x18</size>
         <input_file_ref idref="fl-fd"/>
      </object_component>
      <object_component id="oc-30e">
         <name>.text:_sl_GetStartResponseConvert</name>
         <load_address>0x2000e1e8</load_address>
         <run_address>0x2000e1e8</run_address>
         <size>0x18</size>
         <input_file_ref idref="fl-f1"/>
      </object_component>
      <object_component id="oc-78">
         <name>.text</name>
         <load_address>0x2000e200</load_address>
         <run_address>0x2000e200</run_address>
         <size>0x18</size>
         <input_file_ref idref="fl-dd"/>
      </object_component>
      <object_component id="oc-3fd">
         <name>.text:PRCMHIBRegRead</name>
         <load_address>0x2000e218</load_address>
         <run_address>0x2000e218</run_address>
         <size>0x16</size>
         <input_file_ref idref="fl-fb"/>
      </object_component>
      <object_component id="oc-403">
         <name>.text:PRCMHIBRegWrite</name>
         <load_address>0x2000e22e</load_address>
         <run_address>0x2000e22e</run_address>
         <size>0x16</size>
         <input_file_ref idref="fl-fb"/>
      </object_component>
      <object_component id="oc-4d2">
         <name>.text:_SlDrvMemZero</name>
         <load_address>0x2000e244</load_address>
         <run_address>0x2000e244</run_address>
         <size>0x16</size>
         <input_file_ref idref="fl-f2"/>
      </object_component>
      <object_component id="oc-4a2">
         <name>.text</name>
         <load_address>0x2000e25a</load_address>
         <run_address>0x2000e25a</run_address>
         <size>0x16</size>
         <input_file_ref idref="fl-ee"/>
      </object_component>
      <object_component id="oc-3ec">
         <name>.text:CPUcpsie</name>
         <load_address>0x2000e270</load_address>
         <run_address>0x2000e270</run_address>
         <size>0x14</size>
         <input_file_ref idref="fl-100"/>
      </object_component>
      <object_component id="oc-38e">
         <name>.text:GPIOIntClear</name>
         <load_address>0x2000e284</load_address>
         <run_address>0x2000e284</run_address>
         <size>0x14</size>
         <input_file_ref idref="fl-f8"/>
      </object_component>
      <object_component id="oc-1e3">
         <name>.text:IntVTableBaseSet</name>
         <load_address>0x2000e298</load_address>
         <run_address>0x2000e298</run_address>
         <size>0x14</size>
         <input_file_ref idref="fl-f9"/>
      </object_component>
      <object_component id="oc-22f">
         <name>.text</name>
         <load_address>0x2000e2ac</load_address>
         <run_address>0x2000e2ac</run_address>
         <size>0x14</size>
         <input_file_ref idref="fl-db"/>
      </object_component>
      <object_component id="oc-151">
         <name>.text</name>
         <load_address>0x2000e2c0</load_address>
         <run_address>0x2000e2c0</run_address>
         <size>0x14</size>
         <input_file_ref idref="fl-d7"/>
      </object_component>
      <object_component id="oc-13a">
         <name>.text</name>
         <load_address>0x2000e2d4</load_address>
         <run_address>0x2000e2d4</run_address>
         <size>0x14</size>
         <input_file_ref idref="fl-d8"/>
      </object_component>
      <object_component id="oc-763">
         <name>.text:_SlDrvDispatchHttpServerEvents</name>
         <load_address>0x2000e2e8</load_address>
         <run_address>0x2000e2e8</run_address>
         <size>0x10</size>
         <input_file_ref idref="fl-f2"/>
      </object_component>
      <object_component id="oc-351">
         <name>.text:_SlDrvResetCmdExt</name>
         <load_address>0x2000e2f8</load_address>
         <run_address>0x2000e2f8</run_address>
         <size>0xe</size>
         <input_file_ref idref="fl-f2"/>
      </object_component>
      <object_component id="oc-12">
         <name>.text:decompress:none</name>
         <load_address>0x2000e306</load_address>
         <run_address>0x2000e306</run_address>
         <size>0xe</size>
         <input_file_ref idref="fl-c8"/>
      </object_component>
      <object_component id="oc-2d">
         <name>.text</name>
         <load_address>0x2000e314</load_address>
         <run_address>0x2000e314</run_address>
         <size>0xe</size>
         <input_file_ref idref="fl-8"/>
      </object_component>
      <object_component id="oc-547">
         <name>.text:NwpMaskInterrupt</name>
         <load_address>0x2000e324</load_address>
         <run_address>0x2000e324</run_address>
         <size>0xc</size>
         <input_file_ref idref="fl-f7"/>
      </object_component>
      <object_component id="oc-555">
         <name>.text:NwpUnMaskInterrupt</name>
         <load_address>0x2000e330</load_address>
         <run_address>0x2000e330</run_address>
         <size>0xc</size>
         <input_file_ref idref="fl-f7"/>
      </object_component>
      <object_component id="oc-1e9">
         <name>.text:IntMasterEnable</name>
         <load_address>0x2000e33c</load_address>
         <run_address>0x2000e33c</run_address>
         <size>0xa</size>
         <input_file_ref idref="fl-f9"/>
      </object_component>
      <object_component id="oc-630">
         <name>.text</name>
         <load_address>0x2000e346</load_address>
         <run_address>0x2000e346</run_address>
         <size>0x8</size>
         <input_file_ref idref="fl-f0"/>
      </object_component>
      <object_component id="oc-1db">
         <name>.text:UtilsDelay</name>
         <load_address>0x2000e34e</load_address>
         <run_address>0x2000e34e</run_address>
         <size>0x6</size>
         <input_file_ref idref="fl-ff"/>
      </object_component>
      <object_component id="oc-18">
         <name>.text:decompress:rle24</name>
         <load_address>0x2000e354</load_address>
         <run_address>0x2000e354</run_address>
         <size>0x6</size>
         <input_file_ref idref="fl-c9"/>
      </object_component>
      <object_component id="oc-157">
         <name>.text</name>
         <load_address>0x2000e35a</load_address>
         <run_address>0x2000e35a</run_address>
         <size>0x6</size>
         <input_file_ref idref="fl-c6"/>
      </object_component>
      <object_component id="oc-6c">
         <name>.text</name>
         <load_address>0x2000e360</load_address>
         <run_address>0x2000e360</run_address>
         <size>0x4</size>
         <input_file_ref idref="fl-d4"/>
      </object_component>
      <object_component id="oc-4c4">
         <name>.const:.string:_ctypes_</name>
         <load_address>0x2000e368</load_address>
         <run_address>0x2000e368</run_address>
         <size>0x101</size>
         <input_file_ref idref="fl-e1"/>
      </object_component>
      <object_component id="oc-429">
         <name>.const:g_ulPinToPadMap</name>
         <load_address>0x2000e46c</load_address>
         <run_address>0x2000e46c</run_address>
         <size>0x100</size>
         <input_file_ref idref="fl-fa"/>
      </object_component>
      <object_component id="oc-5d8">
         <name>.const:g_pulRegs</name>
         <load_address>0x2000e56c</load_address>
         <run_address>0x2000e56c</run_address>
         <size>0xd4</size>
         <input_file_ref idref="fl-f9"/>
      </object_component>
      <object_component id="oc-42d">
         <name>.const:PRCM_PeriphRegsList</name>
         <load_address>0x2000e640</load_address>
         <run_address>0x2000e640</run_address>
         <size>0xa8</size>
         <input_file_ref idref="fl-fb"/>
      </object_component>
      <object_component id="oc-4c7">
         <name>.const:$O1$$</name>
         <load_address>0x2000e6e8</load_address>
         <run_address>0x2000e6e8</run_address>
         <size>0x98</size>
         <input_file_ref idref="fl-d9"/>
      </object_component>
      <object_component id="oc-3f3">
         <name>.const</name>
         <load_address>0x2000e780</load_address>
         <run_address>0x2000e780</run_address>
         <size>0x80</size>
         <input_file_ref idref="fl-f9"/>
      </object_component>
      <object_component id="oc-6e7">
         <name>.const:OpcodeTranslateTable</name>
         <load_address>0x2000e800</load_address>
         <run_address>0x2000e800</run_address>
         <size>0x3c</size>
         <input_file_ref idref="fl-f2"/>
      </object_component>
      <object_component id="oc-332">
         <name>.const</name>
         <load_address>0x2000e83c</load_address>
         <run_address>0x2000e83c</run_address>
         <size>0x3c</size>
         <input_file_ref idref="fl-f6"/>
      </object_component>
      <object_component id="oc-736">
         <name>.const:_SlActionLookupTable</name>
         <load_address>0x2000e878</load_address>
         <run_address>0x2000e878</run_address>
         <size>0x38</size>
         <input_file_ref idref="fl-f2"/>
      </object_component>
      <object_component id="oc-6a6">
         <name>.const</name>
         <load_address>0x2000e8b0</load_address>
         <run_address>0x2000e8b0</run_address>
         <size>0x38</size>
         <input_file_ref idref="fl-f2"/>
      </object_component>
      <object_component id="oc-1b0">
         <name>.const:$P$T1$2</name>
         <load_address>0x2000e8e8</load_address>
         <run_address>0x2000e8e8</run_address>
         <size>0x2c</size>
         <input_file_ref idref="fl-4"/>
      </object_component>
      <object_component id="oc-37d">
         <name>.const</name>
         <load_address>0x2000e914</load_address>
         <run_address>0x2000e914</run_address>
         <size>0x28</size>
         <input_file_ref idref="fl-f3"/>
      </object_component>
      <object_component id="oc-1b6">
         <name>.const:.string:$P$T0$1</name>
         <load_address>0x2000e93c</load_address>
         <run_address>0x2000e93c</run_address>
         <size>0x22</size>
         <input_file_ref idref="fl-4"/>
      </object_component>
      <object_component id="oc-348">
         <name>.const</name>
         <load_address>0x2000e95e</load_address>
         <run_address>0x2000e95e</run_address>
         <size>0x1c</size>
         <input_file_ref idref="fl-f1"/>
      </object_component>
      <object_component id="oc-6c8">
         <name>.const</name>
         <load_address>0x2000e97c</load_address>
         <run_address>0x2000e97c</run_address>
         <size>0x18</size>
         <input_file_ref idref="fl-fc"/>
      </object_component>
      <object_component id="oc-1b3">
         <name>.const:$P$T2$3</name>
         <load_address>0x2000e994</load_address>
         <run_address>0x2000e994</run_address>
         <size>0x14</size>
         <input_file_ref idref="fl-4"/>
      </object_component>
      <object_component id="oc-3e6">
         <name>.const:.string:$P$T0$1</name>
         <load_address>0x2000e9a8</load_address>
         <run_address>0x2000e9a8</run_address>
         <size>0x13</size>
         <input_file_ref idref="fl-7"/>
      </object_component>
      <object_component id="oc-1dc">
         <name>.const:.string:$P$T3$4</name>
         <load_address>0x2000e9bb</load_address>
         <run_address>0x2000e9bb</run_address>
         <size>0x11</size>
         <input_file_ref idref="fl-4"/>
      </object_component>
      <object_component id="oc-3e7">
         <name>.const:.string:$P$T1$2</name>
         <load_address>0x2000e9cc</load_address>
         <run_address>0x2000e9cc</run_address>
         <size>0x10</size>
         <input_file_ref idref="fl-7"/>
      </object_component>
      <object_component id="oc-21a">
         <name>.const:.string:$P$T4$5</name>
         <load_address>0x2000e9dc</load_address>
         <run_address>0x2000e9dc</run_address>
         <size>0xf</size>
         <input_file_ref idref="fl-4"/>
      </object_component>
      <object_component id="oc-365">
         <name>.const</name>
         <load_address>0x2000e9ec</load_address>
         <run_address>0x2000e9ec</run_address>
         <size>0x8</size>
         <input_file_ref idref="fl-f4"/>
      </object_component>
      <object_component id="oc-7ee">
         <name>.cinit..data.load</name>
         <load_address>0x2000e9f8</load_address>
         <run_address>0x2000e9f8</run_address>
         <size>0x9b</size>
      </object_component>
      <object_component id="oc-7ef">
         <name>.cinit..bss.load</name>
         <load_address>0x2000ea98</load_address>
         <run_address>0x2000ea98</run_address>
         <size>0xb</size>
      </object_component>
      <object_component id="oc-7ec">
         <name>__TI_handler_table</name>
         <load_address>0x2000eaa4</load_address>
         <run_address>0x2000eaa4</run_address>
         <size>0x8</size>
      </object_component>
      <object_component id="oc-7ed">
         <name>__TI_cinit_table</name>
         <load_address>0x2000eaac</load_address>
         <run_address>0x2000eaac</run_address>
         <size>0x10</size>
      </object_component>
      <object_component id="oc-3ae">
         <name>.data:ulReg</name>
         <load_address>0x2001f410</load_address>
         <run_address>0x2001f410</run_address>
         <size>0x14</size>
         <input_file_ref idref="fl-3"/>
      </object_component>
      <object_component id="oc-3a6">
         <name>.data</name>
         <load_address>0x2001f458</load_address>
         <run_address>0x2001f458</run_address>
         <size>0xc</size>
         <input_file_ref idref="fl-3"/>
      </object_component>
      <object_component id="oc-137">
         <name>.data</name>
         <load_address>0x2001f3e4</load_address>
         <run_address>0x2001f3e4</run_address>
         <size>0x29</size>
         <input_file_ref idref="fl-4"/>
      </object_component>
      <object_component id="oc-16e">
         <name>.data:FAN_POST_token</name>
         <load_address>0x2001f46f</load_address>
         <run_address>0x2001f46f</run_address>
         <size>0xb</size>
         <input_file_ref idref="fl-4"/>
      </object_component>
      <object_component id="oc-162">
         <name>.data:FAN_GET_token</name>
         <load_address>0x2001f464</load_address>
         <run_address>0x2001f464</run_address>
         <size>0xb</size>
         <input_file_ref idref="fl-4"/>
      </object_component>
      <object_component id="oc-168">
         <name>.data:TEMP_GET_token</name>
         <load_address>0x2001f490</load_address>
         <run_address>0x2001f490</run_address>
         <size>0xb</size>
         <input_file_ref idref="fl-4"/>
      </object_component>
      <object_component id="oc-171">
         <name>.data:SP_POST_token</name>
         <load_address>0x2001f485</load_address>
         <run_address>0x2001f485</run_address>
         <size>0xb</size>
         <input_file_ref idref="fl-4"/>
      </object_component>
      <object_component id="oc-16b">
         <name>.data:SP_GET_token</name>
         <load_address>0x2001f47a</load_address>
         <run_address>0x2001f47a</run_address>
         <size>0xb</size>
         <input_file_ref idref="fl-4"/>
      </object_component>
      <object_component id="oc-165">
         <name>.data:fanMode</name>
         <load_address>0x2001f4b0</load_address>
         <run_address>0x2001f4b0</run_address>
         <size>0x4</size>
         <input_file_ref idref="fl-4"/>
      </object_component>
      <object_component id="oc-d8">
         <name>.data:$O1$$</name>
         <load_address>0x2001f434</load_address>
         <run_address>0x2001f434</run_address>
         <size>0xc</size>
         <input_file_ref idref="fl-cb"/>
[...]
         <object_component_ref idref="oc-1cf"/>
      </symbol>
      <symbol id="sm-10f0">
         <name>mem_set</name>
         <value>0x20008b89</value>
         <object_component_ref idref="oc-1cf"/>
      </symbol>
      <symbol id="sm-10f1">
         <name>osi_LockObjCreate</name>
         <value>0x200088e1</value>
         <object_component_ref idref="oc-1cf"/>
      </symbol>
      <symbol id="sm-10f2">
         <name>osi_SyncObjSignal</name>
         <value>0x20008833</value>
         <object_component_ref idref="oc-1cf"/>
      </symbol>
      <symbol id="sm-10f3">
         <name>mem_Malloc</name>
         <value>0x20008b71</value>
         <object_component_ref idref="oc-1cf"/>
      </symbol>
      <symbol id="sm-10f4">
         <name>osi_SyncObjCreate</name>
         <value>0x200087e9</value>
         <object_component_ref idref="oc-1cf"/>
      </symbol>
      <symbol id="sm-10f5">
         <name>osi_SyncObjWait</name>
         <value>0x20008893</value>
         <object_component_ref idref="oc-1cf"/>
      </symbol>
      <symbol id="sm-10f6">
         <name>osi_SyncObjSignalFromISR</name>
         <value>0x2000885b</value>
         <object_component_ref idref="oc-1cf"/>
      </symbol>
      <symbol id="sm-10f7">
         <name>osi_ContextRestore</name>
         <value>0x20008bf3</value>
         <object_component_ref idref="oc-1cf"/>
      </symbol>
      <symbol id="sm-10f8">
         <name>osi_start</name>
         <value>0x20008bc5</value>
         <object_component_ref idref="oc-1cf"/>
      </symbol>
      <symbol id="sm-10f9">
         <name>osi_EnterCritical</name>
         <value>0x20008bb1</value>
         <object_component_ref idref="oc-1cf"/>
      </symbol>
      <symbol id="sm-10fa">
         <name>osi_TaskCreate</name>
         <value>0x20008907</value>
         <object_component_ref idref="oc-1cf"/>
      </symbol>
      <symbol id="sm-10fb">
         <name>osi_MsgQRead</name>
         <value>0x20008b35</value>
         <object_component_ref idref="oc-1cf"/>
      </symbol>
      <symbol id="sm-10fc">
         <name>osi_MsgQCreate</name>
         <value>0x20008aa5</value>
         <object_component_ref idref="oc-1cf"/>
      </symbol>
      <symbol id="sm-10fd">
         <name>osi_ExitCritical</name>
         <value>0x20008bbb</value>
         <object_component_ref idref="oc-1cf"/>
      </symbol>
      <symbol id="sm-10fe">
         <name>osi_LockObjLock</name>
         <value>0x20008965</value>
         <object_component_ref idref="oc-1cf"/>
      </symbol>
      <symbol id="sm-10ff">
         <name>VDeleteSimpleLinkSpawnTask</name>
         <value>0x20008a79</value>
         <object_component_ref idref="oc-1cf"/>
      </symbol>
      <symbol id="sm-1100">
         <name>osi_SyncObjClear</name>
         <value>0x200088bf</value>
         <object_component_ref idref="oc-1cf"/>
      </symbol>
      <symbol id="sm-1101">
         <name>VStartSimpleLinkSpawnTask</name>
         <value>0x20008a29</value>
         <object_component_ref idref="oc-1cf"/>
      </symbol>
      <symbol id="sm-1102">
         <name>osi_MsgQWrite</name>
         <value>0x20008b03</value>
         <object_component_ref idref="oc-1cf"/>
      </symbol>
      <symbol id="sm-1103">
         <name>osi_Sleep</name>
         <value>0x20008bcd</value>
         <object_component_ref idref="oc-1cf"/>
      </symbol>
      <symbol id="sm-1104">
         <name>osi_SyncObjDelete</name>
         <value>0x20008819</value>
         <object_component_ref idref="oc-1cf"/>
      </symbol>
      <symbol id="sm-1105">
         <name>osi_TaskDisable</name>
         <value>0x20008bdd</value>
         <object_component_ref idref="oc-1cf"/>
      </symbol>
      <symbol id="sm-1106">
         <name>osi_Spawn</name>
         <value>0x200089bb</value>
         <object_component_ref idref="oc-1cf"/>
      </symbol>
      <symbol id="sm-1107">
         <name>mem_Free</name>
         <value>0x20008b7d</value>
         <object_component_ref idref="oc-1cf"/>
      </symbol>
      <symbol id="sm-1108">
         <name>osi_ContextSave</name>
         <value>0x20008bf1</value>
         <object_component_ref idref="oc-1cf"/>
      </symbol>
      <symbol id="sm-1109">
         <name>xSimpleLinkSpawnQueue</name>
         <value>0x2001f450</value>
         <object_component_ref idref="oc-3d0"/>
      </symbol>
      <symbol id="sm-110a">
         <name>xSimpleLinkSpawnTaskHndl</name>
         <value>0x2001f454</value>
         <object_component_ref idref="oc-3d0"/>
      </symbol>
      <symbol id="sm-1132">
         <name>vPortSetupTimerInterrupt</name>
         <value>0x2000ae25</value>
         <object_component_ref idref="oc-38"/>
      </symbol>
      <symbol id="sm-1133">
         <name>vPortEndScheduler</name>
         <value>0x2000adc5</value>
         <object_component_ref idref="oc-38"/>
      </symbol>
      <symbol id="sm-1134">
         <name>vPortYield</name>
         <value>0x2000adc7</value>
         <object_component_ref idref="oc-38"/>
      </symbol>
      <symbol id="sm-1135">
         <name>xPortSysTickHandler</name>
         <value>0x2000ae09</value>
         <object_component_ref idref="oc-38"/>
      </symbol>
      <symbol id="sm-1136">
         <name>pxPortInitialiseStack</name>
         <value>0x2000ad49</value>
         <object_component_ref idref="oc-38"/>
      </symbol>
      <symbol id="sm-1137">
         <name>vPortExitCritical</name>
         <value>0x2000adf1</value>
         <object_component_ref idref="oc-38"/>
      </symbol>
      <symbol id="sm-1138">
         <name>xPortStartScheduler</name>
         <value>0x2000ad99</value>
         <object_component_ref idref="oc-38"/>
      </symbol>
      <symbol id="sm-1139">
         <name>vPortEnterCritical</name>
         <value>0x2000add9</value>
         <object_component_ref idref="oc-38"/>
      </symbol>
      <symbol id="sm-114a">
         <name>portCLZ</name>
         <value>0x2000bc05</value>
         <object_component_ref idref="oc-33"/>
      </symbol>
      <symbol id="sm-114b">
         <name>xPortPendSVHandler</name>
         <value>0x2000bb79</value>
         <object_component_ref idref="oc-33"/>
      </symbol>
      <symbol id="sm-114c">
         <name>vPortClearInterruptMask</name>
         <value>0x2000bb6b</value>
         <object_component_ref idref="oc-33"/>
      </symbol>
      <symbol id="sm-114d">
         <name>ulPortSetInterruptMask</name>
         <value>0x2000bb55</value>
         <object_component_ref idref="oc-33"/>
      </symbol>
      <symbol id="sm-114e">
         <name>prvPortStartFirstTask</name>
         <value>0x2000bbed</value>
         <object_component_ref idref="oc-33"/>
      </symbol>
      <symbol id="sm-114f">
         <name>vPortSVCHandler</name>
         <value>0x2000bbc5</value>
         <object_component_ref idref="oc-33"/>
      </symbol>
      <symbol id="sm-1203">
         <name>xQueuePeekFromISR</name>
         <value>0x20007dad</value>
         <object_component_ref idref="oc-3ca"/>
      </symbol>
      <symbol id="sm-1204">
         <name>xQueueIsQueueEmptyFromISR</name>
         <value>0x20008033</value>
         <object_component_ref idref="oc-3ca"/>
      </symbol>
      <symbol id="sm-1205">
         <name>xQueueGenericSendFromISR</name>
         <value>0x20007b57</value>
         <object_component_ref idref="oc-3ca"/>
      </symbol>
      <symbol id="sm-1206">
         <name>uxQueueMessagesWaiting</name>
         <value>0x20007df1</value>
         <object_component_ref idref="oc-3ca"/>
      </symbol>
      <symbol id="sm-1207">
         <name>vQueueAddToRegistry</name>
         <value>0x20008097</value>
         <object_component_ref idref="oc-3ca"/>
      </symbol>
      <symbol id="sm-1208">
         <name>xQueueIsQueueFullFromISR</name>
         <value>0x20008075</value>
         <object_component_ref idref="oc-3ca"/>
      </symbol>
      <symbol id="sm-1209">
         <name>xQueueSelectFromSet</name>
         <value>0x2000819d</value>
         <object_component_ref idref="oc-3ca"/>
      </symbol>
      <symbol id="sm-120a">
         <name>xQueueGenericCreate</name>
         <value>0x2000778d</value>
         <object_component_ref idref="oc-3ca"/>
      </symbol>
      <symbol id="sm-120b">
         <name>xQueueSelectFromSetFromISR</name>
         <value>0x200081b7</value>
         <object_component_ref idref="oc-3ca"/>
      </symbol>
      <symbol id="sm-120c">
         <name>xQueueCreateMutex</name>
         <value>0x20007803</value>
         <object_component_ref idref="oc-3ca"/>
      </symbol>
      <symbol id="sm-120d">
         <name>vQueueSetQueueNumber</name>
         <value>0x20007e6b</value>
         <object_component_ref idref="oc-3ca"/>
      </symbol>
      <symbol id="sm-120e">
         <name>xQueueGenericSend</name>
         <value>0x200078a1</value>
         <object_component_ref idref="oc-3ca"/>
      </symbol>
      <symbol id="sm-120f">
         <name>xQueueGenericReset</name>
         <value>0x200076fd</value>
         <object_component_ref idref="oc-3ca"/>
      </symbol>
      <symbol id="sm-1210">
         <name>xQueueReceiveFromISR</name>
         <value>0x20007d35</value>
         <object_component_ref idref="oc-3ca"/>
      </symbol>
      <symbol id="sm-1211">
         <name>uxQueueSpacesAvailable</name>
         <value>0x20007e07</value>
         <object_component_ref idref="oc-3ca"/>
      </symbol>
      <symbol id="sm-1212">
         <name>xQueueRegistry</name>
         <value>0x2001f290</value>
         <object_component_ref idref="oc-5e4"/>
      </symbol>
      <symbol id="sm-1213">
         <name>vQueueUnregisterQueue</name>
         <value>0x200080d9</value>
         <object_component_ref idref="oc-3ca"/>
      </symbol>
      <symbol id="sm-1214">
         <name>xQueueAltGenericReceive</name>
         <value>0x20007a59</value>
         <object_component_ref idref="oc-3ca"/>
      </symbol>
      <symbol id="sm-1215">
         <name>uxQueueMessagesWaitingFromISR</name>
         <value>0x20007e27</value>
         <object_component_ref idref="oc-3ca"/>
      </symbol>
      <symbol id="sm-1216">
         <name>uxQueueGetQueueNumber</name>
         <value>0x20007e5d</value>
         <object_component_ref idref="oc-3ca"/>
      </symbol>
      <symbol id="sm-1217">
         <name>xQueueGenericReceive</name>
         <value>0x20007bf3</value>
         <object_component_ref idref="oc-3ca"/>
      </symbol>
      <symbol id="sm-1218">
         <name>xQueueCreateCountingSemaphore</name>
         <value>0x20007881</value>
         <object_component_ref idref="oc-3ca"/>
      </symbol>
      <symbol id="sm-1219">
         <name>vQueueDelete</name>
         <value>0x20007e39</value>
         <object_component_ref idref="oc-3ca"/>
      </symbol>
      <symbol id="sm-121a">
         <name>xQueueAddToSet</name>
         <value>0x20008127</value>
         <object_component_ref idref="oc-3ca"/>
      </symbol>
      <symbol id="sm-121b">
         <name>xQueueAltGenericSend</name>
         <value>0x200079ad</value>
         <object_component_ref idref="oc-3ca"/>
      </symbol>
      <symbol id="sm-121c">
         <name>xQueueCreateSet</name>
         <value>0x20008113</value>
         <object_component_ref idref="oc-3ca"/>
      </symbol>
      <symbol id="sm-121d">
         <name>xQueueRemoveFromSet</name>
         <value>0x2000815b</value>
         <object_component_ref idref="oc-3ca"/>
      </symbol>
      <symbol id="sm-121e">
         <name>ucQueueGetQueueType</name>
         <value>0x20007e7d</value>
         <object_component_ref idref="oc-3ca"/>
      </symbol>
      <symbol id="sm-1391">
         <name>vTaskDelay</name>
         <value>0x2000463b</value>
         <object_component_ref idref="oc-8d"/>
      </symbol>
      <symbol id="sm-1392">
         <name>vTaskSuspendAll</name>
         <value>0x20004a9f</value>
         <object_component_ref idref="oc-8d"/>
      </symbol>
      <symbol id="sm-1393">
         <name>vTaskPriorityInherit</name>
         <value>0x200054e1</value>
         <object_component_ref idref="oc-8d"/>
      </symbol>
      <symbol id="sm-1394">
         <name>vTaskPlaceOnEventList</name>
         <value>0x20004e55</value>
         <object_component_ref idref="oc-8d"/>
      </symbol>
      <symbol id="sm-1395">
         <name>vTaskSetTaskNumber</name>
         <value>0x200050ed</value>
         <object_component_ref idref="oc-8d"/>
      </symbol>
      <symbol id="sm-1396">
         <name>xTaskCheckForTimeOut</name>
         <value>0x20005045</value>
         <object_component_ref idref="oc-8d"/>
      </symbol>
      <symbol id="sm-1397">
         <name>xTaskRemoveFromUnorderedEventList</name>
         <value>0x20004fb1</value>
         <object_component_ref idref="oc-8d"/>
      </symbol>
      <symbol id="sm-1398">
         <name>vTaskPrioritySet</name>
         <value>0x2000475d</value>
         <object_component_ref idref="oc-8d"/>
      </symbol>
      <symbol id="sm-1399">
         <name>vTaskStartScheduler</name>
         <value>0x20004a43</value>
         <object_component_ref idref="oc-8d"/>
      </symbol>
      <symbol id="sm-139a">
         <name>pcTaskGetTaskName</name>
         <value>0x20004bb5</value>
         <object_component_ref idref="oc-8d"/>
      </symbol>
      <symbol id="sm-139b">
         <name>vTaskPriorityDisinherit</name>
         <value>0x2000559b</value>
         <object_component_ref idref="oc-8d"/>
      </symbol>
      <symbol id="sm-139c">
         <name>vTaskDelayUntil</name>
         <value>0x2000459f</value>
         <object_component_ref idref="oc-8d"/>
      </symbol>
      <symbol id="sm-139d">
         <name>uxTaskGetTaskNumber</name>
         <value>0x200050cd</value>
         <object_component_ref idref="oc-8d"/>
      </symbol>
      <symbol id="sm-139e">
         <name>vTaskEndScheduler</name>
         <value>0x20004a8d</value>
         <object_component_ref idref="oc-8d"/>
      </symbol>
      <symbol id="sm-139f">
         <name>vTaskMissedYield</name>
         <value>0x200050bf</value>
         <object_component_ref idref="oc-8d"/>
      </symbol>
      <symbol id="sm-13a0">
         <name>uxTaskGetNumberOfTasks</name>
         <value>0x20004ba9</value>
         <object_component_ref idref="oc-8d"/>
      </symbol>
      <symbol id="sm-13a1">
         <name>uxTaskPriorityGet</name>
         <value>0x20004725</value>
         <object_component_ref idref="oc-8d"/>
      </symbol>
      <symbol id="sm-13a2">
         <name>xTaskResumeAll</name>
         <value>0x20004ab1</value>
         <object_component_ref idref="oc-8d"/>
      </symbol>
      <symbol id="sm-13a3">
         <name>xTaskGetTickCount</name>
         <value>0x20004b7d</value>
         <object_component_ref idref="oc-8d"/>
      </symbol>
      <symbol id="sm-13a4">
         <name>xTaskGenericCreate</name>
         <value>0x20004401</value>
         <object_component_ref idref="oc-8d"/>
      </symbol>
      <symbol id="sm-13a5">
         <name>uxTaskGetSystemState</name>
         <value>0x20004bd9</value>
         <object_component_ref idref="oc-8d"/>
      </symbol>
      <symbol id="sm-13a6">
         <name>vTaskDelete</name>
         <value>0x2000450f</value>
         <object_component_ref idref="oc-8d"/>
      </symbol>
      <symbol id="sm-13a7">
         <name>pxCurrentTCB</name>
         <value>0x2001f3b0</value>
         <object_component_ref idref="oc-93"/>
      </symbol>
      <symbol id="sm-13a8">
         <name>eTaskGetState</name>
         <value>0x20004691</value>
         <object_component_ref idref="oc-8d"/>
      </symbol>
      <symbol id="sm-13a9">
         <name>vTaskSuspend</name>
         <value>0x20004861</value>
         <object_component_ref idref="oc-8d"/>
      </symbol>
      <symbol id="sm-13aa">
         <name>xTaskGetIdleTaskHandle</name>
         <value>0x20004c97</value>
         <object_component_ref idref="oc-8d"/>
      </symbol>
      <symbol id="sm-13ab">
         <name>xTaskGetTickCountFromISR</name>
         <value>0x20004b91</value>
         <object_component_ref idref="oc-8d"/>
      </symbol>
      <symbol id="sm-13ac">
         <name>vTaskResume</name>
         <value>0x20004955</value>
         <object_component_ref idref="oc-8d"/>
      </symbol>
      <symbol id="sm-13ad">
         <name>vTaskSetTimeOutState</name>
         <value>0x2000501f</value>
         <object_component_ref idref="oc-8d"/>
      </symbol>
      <symbol id="sm-13ae">
         <name>xTaskIncrementTick</name>
         <value>0x20004cb1</value>
         <object_component_ref idref="oc-8d"/>
      </symbol>
      <symbol id="sm-13af">
         <name>vTaskSwitchContext</name>
         <value>0x20004dd5</value>
         <object_component_ref idref="oc-8d"/>
      </symbol>
      <symbol id="sm-13b0">
         <name>uxTaskResetEventItemValue</name>
         <value>0x20005625</value>
         <object_component_ref idref="oc-8d"/>
      </symbol>
      <symbol id="sm-13b1">
         <name>xTaskGetSchedulerState</name>
         <value>0x200054a9</value>
         <object_component_ref idref="oc-8d"/>
      </symbol>
      <symbol id="sm-13b2">
         <name>xTaskResumeFromISR</name>
         <value>0x200049c9</value>
         <object_component_ref idref="oc-8d"/>
      </symbol>
      <symbol id="sm-13b3">
         <name>xTaskGetCurrentTaskHandle</name>
         <value>0x20005495</value>
         <object_component_ref idref="oc-8d"/>
      </symbol>
      <symbol id="sm-13b4">
         <name>vTaskPlaceOnUnorderedEventList</name>
         <value>0x20004eb9</value>
         <object_component_ref idref="oc-8d"/>
      </symbol>
      <symbol id="sm-13b5">
         <name>xTaskRemoveFromEventList</name>
         <value>0x20004f2d</value>
         <object_component_ref idref="oc-8d"/>
      </symbol>
      <symbol id="sm-13c5">
         <name>pvPortMalloc</name>
         <value>0x2000db71</value>
         <object_component_ref idref="oc-ff"/>
      </symbol>
      <symbol id="sm-13c6">
         <name>vPortFree</name>
         <value>0x2000db91</value>
         <object_component_ref idref="oc-ff"/>
      </symbol>
      <symbol id="sm-13dc">
         <name>uxListRemove</name>
         <value>0x2000aac9</value>
         <object_component_ref idref="oc-ef"/>
      </symbol>
      <symbol id="sm-13dd">
         <name>vListInsert</name>
         <value>0x2000aa63</value>
         <object_component_ref idref="oc-ef"/>
      </symbol>
      <symbol id="sm-13de">
         <name>vListInitialiseItem</name>
         <value>0x2000aa17</value>
         <object_component_ref idref="oc-ef"/>
      </symbol>
      <symbol id="sm-13df">
         <name>vListInsertEnd</name>
         <value>0x2000aa27</value>
         <object_component_ref idref="oc-ef"/>
      </symbol>
      <symbol id="sm-13e0">
         <name>vListInitialise</name>
         <value>0x2000a9e7</value>
         <object_component_ref idref="oc-ef"/>
      </symbol>
      <symbol id="sm-13e1">
         <name>__TI_static_base__</name>
         <value>0x2000e9f8</value>
      </symbol>
      <symbol id="sm-13e4">
         <name>SHT$$INIT_ARRAY$$Limit</name>
         <value>0x0</value>
      </symbol>
      <symbol id="sm-13e5">
         <name>SHT$$INIT_ARRAY$$Base</name>
         <value>0x0</value>
      </symbol>
   </symbol_table>
   <title>Link successful</title>
</link_info>
